Archive member included to satisfy reference by file (symbol)

c:/program files (x86)/embitz/1.11/share/em_armgcc/bin/../lib/gcc/arm-none-eabi/5.4.1/../../../../arm-none-eabi/lib/armv7e-m/softfp\libc.a(lib_a-callocr.o)
                              .objs\mbed-dev\platform\mbed_alloc_wrappers.o (_calloc_r)
c:/program files (x86)/embitz/1.11/share/em_armgcc/bin/../lib/gcc/arm-none-eabi/5.4.1/../../../../arm-none-eabi/lib/armv7e-m/softfp\libc.a(lib_a-errno.o)
                              .objs\mbed-dev\platform\mbed_retarget.o (__errno)
c:/program files (x86)/embitz/1.11/share/em_armgcc/bin/../lib/gcc/arm-none-eabi/5.4.1/../../../../arm-none-eabi/lib/armv7e-m/softfp\libc.a(lib_a-fclose.o)
                              .objs\mbed-dev\platform\stream.o (fclose)
c:/program files (x86)/embitz/1.11/share/em_armgcc/bin/../lib/gcc/arm-none-eabi/5.4.1/../../../../arm-none-eabi/lib/armv7e-m/softfp\libc.a(lib_a-fflush.o)
                              c:/program files (x86)/embitz/1.11/share/em_armgcc/bin/../lib/gcc/arm-none-eabi/5.4.1/../../../../arm-none-eabi/lib/armv7e-m/softfp\libc.a(lib_a-fclose.o) (__sflush_r)
c:/program files (x86)/embitz/1.11/share/em_armgcc/bin/../lib/gcc/arm-none-eabi/5.4.1/../../../../arm-none-eabi/lib/armv7e-m/softfp\libc.a(lib_a-fgetc.o)
                              .objs\mbed-dev\platform\mbed_retarget.o (fgetc)
c:/program files (x86)/embitz/1.11/share/em_armgcc/bin/../lib/gcc/arm-none-eabi/5.4.1/../../../../arm-none-eabi/lib/armv7e-m/softfp\libc.a(lib_a-fgets.o)
                              .objs\mbed-dev\platform\mbed_retarget.o (fgets)
c:/program files (x86)/embitz/1.11/share/em_armgcc/bin/../lib/gcc/arm-none-eabi/5.4.1/../../../../arm-none-eabi/lib/armv7e-m/softfp\libc.a(lib_a-findfp.o)
                              c:/program files (x86)/embitz/1.11/share/em_armgcc/bin/../lib/gcc/arm-none-eabi/5.4.1/../../../../arm-none-eabi/lib/armv7e-m/softfp\libc.a(lib_a-fclose.o) (__sinit)
c:/program files (x86)/embitz/1.11/share/em_armgcc/bin/../lib/gcc/arm-none-eabi/5.4.1/../../../../arm-none-eabi/lib/armv7e-m/softfp\libc.a(lib_a-fopen.o)
                              .objs\mbed-dev\platform\mbed_retarget.o (fopen)
c:/program files (x86)/embitz/1.11/share/em_armgcc/bin/../lib/gcc/arm-none-eabi/5.4.1/../../../../arm-none-eabi/lib/armv7e-m/softfp\libc.a(lib_a-fputc.o)
                              .objs\mbed-dev\platform\stream.o (fputc)
c:/program files (x86)/embitz/1.11/share/em_armgcc/bin/../lib/gcc/arm-none-eabi/5.4.1/../../../../arm-none-eabi/lib/armv7e-m/softfp\libc.a(lib_a-fputs.o)
                              .objs\mbed-dev\platform\stream.o (fputs)
c:/program files (x86)/embitz/1.11/share/em_armgcc/bin/../lib/gcc/arm-none-eabi/5.4.1/../../../../arm-none-eabi/lib/armv7e-m/softfp\libc.a(lib_a-freer.o)
                              .objs\mbed-dev\platform\mbed_alloc_wrappers.o (_free_r)
c:/program files (x86)/embitz/1.11/share/em_armgcc/bin/../lib/gcc/arm-none-eabi/5.4.1/../../../../arm-none-eabi/lib/armv7e-m/softfp\libc.a(lib_a-fseek.o)
                              c:/program files (x86)/embitz/1.11/share/em_armgcc/bin/../lib/gcc/arm-none-eabi/5.4.1/../../../../arm-none-eabi/lib/armv7e-m/softfp\libc.a(lib_a-fopen.o) (_fseek_r)
c:/program files (x86)/embitz/1.11/share/em_armgcc/bin/../lib/gcc/arm-none-eabi/5.4.1/../../../../arm-none-eabi/lib/armv7e-m/softfp\libc.a(lib_a-fseeko.o)
                              c:/program files (x86)/embitz/1.11/share/em_armgcc/bin/../lib/gcc/arm-none-eabi/5.4.1/../../../../arm-none-eabi/lib/armv7e-m/softfp\libc.a(lib_a-fseek.o) (_fseeko_r)
c:/program files (x86)/embitz/1.11/share/em_armgcc/bin/../lib/gcc/arm-none-eabi/5.4.1/../../../../arm-none-eabi/lib/armv7e-m/softfp\libc.a(lib_a-fstatr.o)
                              c:/program files (x86)/embitz/1.11/share/em_armgcc/bin/../lib/gcc/arm-none-eabi/5.4.1/../../../../arm-none-eabi/lib/armv7e-m/softfp\libc.a(lib_a-fseeko.o) (_fstat_r)
c:/program files (x86)/embitz/1.11/share/em_armgcc/bin/../lib/gcc/arm-none-eabi/5.4.1/../../../../arm-none-eabi/lib/armv7e-m/softfp\libc.a(lib_a-fvwrite.o)
                              c:/program files (x86)/embitz/1.11/share/em_armgcc/bin/../lib/gcc/arm-none-eabi/5.4.1/../../../../arm-none-eabi/lib/armv7e-m/softfp\libc.a(lib_a-fputs.o) (__sfvwrite_r)
c:/program files (x86)/embitz/1.11/share/em_armgcc/bin/../lib/gcc/arm-none-eabi/5.4.1/../../../../arm-none-eabi/lib/armv7e-m/softfp\libc.a(lib_a-fwalk.o)
                              c:/program files (x86)/embitz/1.11/share/em_armgcc/bin/../lib/gcc/arm-none-eabi/5.4.1/../../../../arm-none-eabi/lib/armv7e-m/softfp\libc.a(lib_a-findfp.o) (_fwalk)
c:/program files (x86)/embitz/1.11/share/em_armgcc/bin/../lib/gcc/arm-none-eabi/5.4.1/../../../../arm-none-eabi/lib/armv7e-m/softfp\libc.a(lib_a-impure.o)
[...]
Memory Configuration

Name             Origin             Length             Attributes
FLASH            0x08000000         0x00080000         xr
RAM              0x200001c4         0x0001fe3c         xrw
*default*        0x00000000         0xffffffff

Linker script and memory map

LOAD c:/program files (x86)/embitz/1.11/share/em_armgcc/bin/../lib/gcc/arm-none-eabi/5.4.1/armv7e-m/softfp/crti.o
LOAD c:/program files (x86)/embitz/1.11/share/em_armgcc/bin/../lib/gcc/arm-none-eabi/5.4.1/armv7e-m/softfp/crtbegin.o
LOAD c:/program files (x86)/embitz/1.11/share/em_armgcc/bin/../lib/gcc/arm-none-eabi/5.4.1/../../../../arm-none-eabi/lib/armv7e-m/softfp/crt0.o

.text           0x08000000     0xa404
 *(.isr_vector)
 .isr_vector    0x08000000      0x1c4 .objs\mbed-dev\targets\target_stm\target_stm32f4\target_stm32f446xe\device\toolchain_gcc_arm\startup_stm32f446xx.o
                0x08000000                g_pfnVectors
 *(.text*)
 .text          0x080001c4       0x5c c:/program files (x86)/embitz/1.11/share/em_armgcc/bin/../lib/gcc/arm-none-eabi/5.4.1/armv7e-m/softfp/crtbegin.o
 .text          0x08000220       0x74 c:/program files (x86)/embitz/1.11/share/em_armgcc/bin/../lib/gcc/arm-none-eabi/5.4.1/../../../../arm-none-eabi/lib/armv7e-m/softfp/crt0.o
                0x08000220                _start
                0x08000220                _mainCRTStartup
 .text._Z5setupv
                0x08000294        0xc .objs\main.o
                0x08000294                setup()
 .text._Z4loopv
                0x080002a0       0x54 .objs\main.o
                0x080002a0                loop()
 .text.startup.main
                0x080002f4        0xc .objs\main.o
                0x080002f4                main
 .text.startup._GLOBAL__sub_I_led
                0x08000300       0x50 .objs\main.o
 .text._ZN4mbed8CallbackIFviEED2Ev
                0x08000350       0x10 .objs\mbed-dev\drivers\i2c.o
                0x08000350                mbed::Callback<void (int)>::~Callback()
                0x08000350                mbed::Callback<void (int)>::~Callback()
 .text._ZN4mbed10FileHandle5lseekEli
                0x08000360        0x6 .objs\mbed-dev\drivers\serial.o
                0x08000360                mbed::FileHandle::lseek(long, int)
 .text._ZN4mbed10FileHandle5fsyncEv
                0x08000366        0x6 .objs\mbed-dev\drivers\serial.o
                0x08000366                mbed::FileHandle::fsync()
 .text._ZN4mbed10FileHandle4flenEv
                0x0800036c        0x6 .objs\mbed-dev\drivers\serial.o
                0x0800036c                mbed::FileHandle::flen()
 .text._ZN4mbed10FileHandle12set_blockingEb
                0x08000372        0xc .objs\mbed-dev\drivers\serial.o
                0x08000372                mbed::FileHandle::set_blocking(bool)
 .text._ZNK4mbed10FileHandle11is_blockingEv
                0x0800037e        0x4 .objs\mbed-dev\drivers\serial.o
                0x0800037e                mbed::FileHandle::is_blocking() const
 .text._ZN4mbed10FileHandle5sigioENS_8CallbackIFvvEEE
                0x08000382        0x2 .objs\mbed-dev\drivers\serial.o
                0x08000382                mbed::FileHandle::sigio(mbed::Callback<void ()>)
 .text._ZN4mbed14CircularBufferINS_11TransactionINS_3SPIEEELm2EmED2Ev
                0x08000384       0x1e .objs\mbed-dev\drivers\spi.o
                0x08000384                mbed::CircularBuffer<mbed::Transaction<mbed::SPI>, 2ul, unsigned long>::~CircularBuffer()
                0x08000384                mbed::CircularBuffer<mbed::Transaction<mbed::SPI>, 2ul, unsigned long>::~CircularBuffer()
 .text._ZN4mbed11TransactionINS_3SPIEEC2Ev
                0x080003a2       0x22 .objs\mbed-dev\drivers\spi.o
                0x080003a2                mbed::Transaction<mbed::SPI>::Transaction()
                0x080003a2                mbed::Transaction<mbed::SPI>::Transaction()
 .text.startup._GLOBAL__sub_I__ZN4mbed3SPI19_transaction_bufferE
                0x080003c4       0x38 .objs\mbed-dev\drivers\spi.o
 .text._ZN4mbed10FileHandle4tellEv
                0x080003fc        0xa .objs\mbed-dev\drivers\uartserial.o
                0x080003fc                mbed::FileHandle::tell()
 .text._ZN4mbed10FileHandle6rewindEv
                0x08000406        0xa .objs\mbed-dev\drivers\uartserial.o
                0x08000406                mbed::FileHandle::rewind()
 .text.hal_critical_section_enter
                0x08000410       0x28 .objs\mbed-dev\hal\mbed_critical_section_api.o
                0x08000410                hal_critical_section_enter
 .text.hal_critical_section_exit
                0x08000438       0x34 .objs\mbed-dev\hal\mbed_critical_section_api.o
                0x08000438                hal_critical_section_exit
 .text._gpio_init_in
                0x0800046c       0x26 .objs\mbed-dev\hal\mbed_gpio.o
 .text._gpio_init_out.part.2
                0x08000492       0x28 .objs\mbed-dev\hal\mbed_gpio.o
 .text.gpio_init_in
                0x080004ba        0x6 .objs\mbed-dev\hal\mbed_gpio.o
                0x080004ba                gpio_init_in
 .text.gpio_init_out_ex
                0x080004c0       0x20 .objs\mbed-dev\hal\mbed_gpio.o
                0x080004c0                gpio_init_out_ex
 .text.gpio_init_out
                0x080004e0        0x6 .objs\mbed-dev\hal\mbed_gpio.o
                0x080004e0                gpio_init_out
 *fill*         0x080004e6        0x2 
 .text.pinmap_pinout
                0x080004e8       0x48 .objs\mbed-dev\hal\mbed_pinmap_common.o
                0x080004e8                pinmap_pinout
 .text.pinmap_merge
                0x08000530       0x34 .objs\mbed-dev\hal\mbed_pinmap_common.o
                0x08000530                pinmap_merge
 .text.pinmap_find_peripheral
                0x08000564       0x18 .objs\mbed-dev\hal\mbed_pinmap_common.o
                0x08000564                pinmap_find_peripheral
 .text.pinmap_peripheral
                0x0800057c       0x30 .objs\mbed-dev\hal\mbed_pinmap_common.o
                0x0800057c                pinmap_peripheral
 .text.update_present_time
                0x080005ac       0xf8 .objs\mbed-dev\hal\mbed_ticker_api.o
 .text._ticker_match_interval_passed
                0x080006a4       0x28 .objs\mbed-dev\hal\mbed_ticker_api.o
                0x080006a4                _ticker_match_interval_passed
 .text.schedule_interrupt
                0x080006cc       0xd0 .objs\mbed-dev\hal\mbed_ticker_api.o
 .text.initialize.part.2
                0x0800079c       0xe8 .objs\mbed-dev\hal\mbed_ticker_api.o
 .text.ticker_irq_handler
                0x08000884       0x5c .objs\mbed-dev\hal\mbed_ticker_api.o
                0x08000884                ticker_irq_handler
 .text.ticker_read_us
                0x080008e0       0x26 .objs\mbed-dev\hal\mbed_ticker_api.o
                0x080008e0                ticker_read_us
 .text.ticker_read
                0x08000906        0x8 .objs\mbed-dev\hal\mbed_ticker_api.o
                0x08000906                ticker_read
 *fill*         0x0800090e        0x2 
 .text.get_us_ticker_data
                0x08000910        0x8 .objs\mbed-dev\hal\mbed_us_ticker_api.o
                0x08000910                get_us_ticker_data
 .text.us_ticker_irq_handler
                0x08000918       0x14 .objs\mbed-dev\hal\mbed_us_ticker_api.o
                0x08000918                us_ticker_irq_handler
 .text._ZN4mbed10FileHandle4syncEv
                0x0800092c        0x4 .objs\mbed-dev\platform\filehandle.o
                0x0800092c                mbed::FileHandle::sync()
 .text.__wrap__malloc_r
                0x08000930        0x4 .objs\mbed-dev\platform\mbed_alloc_wrappers.o
                0x08000930                __wrap__malloc_r
 .text.__wrap__realloc_r
                0x08000934        0x4 .objs\mbed-dev\platform\mbed_alloc_wrappers.o
                0x08000934                __wrap__realloc_r
 .text.__wrap__free_r
                0x08000938        0x4 .objs\mbed-dev\platform\mbed_alloc_wrappers.o
                0x08000938                __wrap__free_r
 .text.__wrap__calloc_r
                0x0800093c        0x4 .objs\mbed-dev\platform\mbed_alloc_wrappers.o
                0x0800093c                __wrap__calloc_r
 .text.mbed_assert_internal
                0x08000940       0x24 .objs\mbed-dev\platform\mbed_assert.o
                0x08000940                mbed_assert_internal
 .text.mbed_die
                0x08000964       0x56 .objs\mbed-dev\platform\mbed_board.o
                0x08000964                mbed_die
 *fill*         0x080009ba        0x2 
 .text.mbed_error_vfprintf
                0x080009bc       0x50 .objs\mbed-dev\platform\mbed_board.o
                0x080009bc                mbed_error_vfprintf
 .text.mbed_error_printf
                0x08000a0c       0x1a .objs\mbed-dev\platform\mbed_board.o
                0x08000a0c                mbed_error_printf
 .text.core_util_are_interrupts_enabled
                0x08000a26        0xe .objs\mbed-dev\platform\mbed_critical.o
                0x08000a26                core_util_are_interrupts_enabled
 .text.core_util_is_isr_active
                0x08000a34        0xc .objs\mbed-dev\platform\mbed_critical.o
                0x08000a34                core_util_is_isr_active
 .text.core_util_critical_section_enter
                0x08000a40       0x2c .objs\mbed-dev\platform\mbed_critical.o
                0x08000a40                core_util_critical_section_enter
 .text.core_util_critical_section_exit
                0x08000a6c       0x1c .objs\mbed-dev\platform\mbed_critical.o
                0x08000a6c                core_util_critical_section_exit
 .text.handle_error.isra.0
                0x08000a88       0x8c .objs\mbed-dev\platform\mbed_error.o
 .text.unlikely.print_error_report.constprop.1
                0x08000b14       0xd8 .objs\mbed-dev\platform\mbed_error.o
 .text.error    0x08000bec       0x44 .objs\mbed-dev\platform\mbed_error.o
                0x08000bec                error
 .text.mbed_error
                0x08000c30       0x34 .objs\mbed-dev\platform\mbed_error.o
                0x08000c30                mbed_error
 .text._ZN12DirectSerial4seekEli
                0x08000c64        0x6 .objs\mbed-dev\platform\mbed_retarget.o
                0x08000c64                DirectSerial::seek(long, int)
 .text._ZN12DirectSerial4sizeEv
                0x08000c6a        0x6 .objs\mbed-dev\platform\mbed_retarget.o
                0x08000c6a                DirectSerial::size()
 .text._ZN12DirectSerial6isattyEv
                0x08000c70        0x4 .objs\mbed-dev\platform\mbed_retarget.o
                0x08000c70                DirectSerial::isatty()
 .text._ZN12DirectSerial5closeEv
                0x08000c74        0x4 .objs\mbed-dev\platform\mbed_retarget.o
                0x08000c74                DirectSerial::close()
 .text._ZN12DirectSerialD2Ev
                0x08000c78        0x2 .objs\mbed-dev\platform\mbed_retarget.o
                0x08000c78                DirectSerial::~DirectSerial()
                0x08000c78                DirectSerial::~DirectSerial()
 *fill*         0x08000c7a        0x2 
 .text._ZN12DirectSerial5writeEPKvj
                0x08000c7c       0x20 .objs\mbed-dev\platform\mbed_retarget.o
                0x08000c7c                DirectSerial::write(void const*, unsigned int)
 .text._ZNK12DirectSerial4pollEs
                0x08000c9c       0x30 .objs\mbed-dev\platform\mbed_retarget.o
                0x08000c9c                DirectSerial::poll(short) const
 .text._ZN12DirectSerialD0Ev
                0x08000ccc        0xc .objs\mbed-dev\platform\mbed_retarget.o
                0x08000ccc                DirectSerial::~DirectSerial()
 .text._ZN12DirectSerial4readEPvj
                0x08000cd8       0x1c .objs\mbed-dev\platform\mbed_retarget.o
                0x08000cd8                DirectSerial::read(void*, unsigned int)
 .text._ZN12DirectSerialC2E7PinNameS0_i
                0x08000cf4       0x30 .objs\mbed-dev\platform\mbed_retarget.o
                0x08000cf4                DirectSerial::DirectSerial(PinName, PinName, int)
                0x08000cf4                DirectSerial::DirectSerial(PinName, PinName, int)
 .text._ZN4mbed28mbed_target_override_consoleEi
                0x08000d24        0x4 .objs\mbed-dev\platform\mbed_retarget.o
                0x08000d24                mbed::mbed_target_override_console(int)
 .text._ZN4mbed21mbed_override_consoleEi
                0x08000d28        0x4 .objs\mbed-dev\platform\mbed_retarget.o
                0x08000d28                mbed::mbed_override_console(int)
 .text._sbrk    0x08000d2c       0x44 .objs\mbed-dev\platform\mbed_retarget.o
                0x08000d2c                _sbrk
 .text._exit    0x08000d70       0x24 .objs\mbed-dev\platform\mbed_retarget.o
                0x08000d70                _exit
 .text.__aeabi_atexit
                0x08000d94        0x4 .objs\mbed-dev\platform\mbed_retarget.o
                0x08000d94                __aeabi_atexit
 .text.__wrap_exit
                0x08000d98        0x6 .objs\mbed-dev\platform\mbed_retarget.o
                0x08000d98                __wrap_exit
 .text.__wrap_atexit
                0x08000d9e        0x4 .objs\mbed-dev\platform\mbed_retarget.o
                0x08000d9e                __wrap_atexit
 .text.__rtos_malloc_lock
                0x08000da2        0x2 .objs\mbed-dev\platform\mbed_retarget.o
                0x08000da2                __rtos_malloc_lock
 .text.__rtos_malloc_unlock
                0x08000da4        0x2 .objs\mbed-dev\platform\mbed_retarget.o
                0x08000da4                __rtos_malloc_unlock
 .text.__malloc_lock
                0x08000da6        0x8 .objs\mbed-dev\platform\mbed_retarget.o
                0x08000da6                __malloc_lock
 .text.__malloc_unlock
                0x08000dae        0x8 .objs\mbed-dev\platform\mbed_retarget.o
                0x08000dae                __malloc_unlock
 *fill*         0x08000db6        0x2 
 .text.__cxa_guard_acquire
                0x08000db8       0x34 .objs\mbed-dev\platform\mbed_retarget.o
                0x08000db8                __cxa_guard_acquire
 .text.__cxa_guard_release
                0x08000dec       0x30 .objs\mbed-dev\platform\mbed_retarget.o
                0x08000dec                __cxa_guard_release
 .text._ZL7get_fhci
                0x08000e1c       0x78 .objs\mbed-dev\platform\mbed_retarget.o
 .text.close    0x08000e94       0x3c .objs\mbed-dev\platform\mbed_retarget.o
                0x08000e94                close
 .text._close   0x08000ed0        0x4 .objs\mbed-dev\platform\mbed_retarget.o
                0x08000ed0                _close
 .text.write    0x08000ed4       0x36 .objs\mbed-dev\platform\mbed_retarget.o
                0x08000ed4                write
 .text._write   0x08000f0a       0x24 .objs\mbed-dev\platform\mbed_retarget.o
                0x08000f0a                _write
 .text.read     0x08000f2e       0x36 .objs\mbed-dev\platform\mbed_retarget.o
                0x08000f2e                read
 .text._read    0x08000f64       0x1c .objs\mbed-dev\platform\mbed_retarget.o
                0x08000f64                _read
 .text.isatty   0x08000f80       0x2e .objs\mbed-dev\platform\mbed_retarget.o
                0x08000f80                isatty
 .text._isatty  0x08000fae        0x4 .objs\mbed-dev\platform\mbed_retarget.o
                0x08000fae                _isatty
 .text.lseek    0x08000fb2       0x36 .objs\mbed-dev\platform\mbed_retarget.o
                0x08000fb2                lseek
 .text._lseek   0x08000fe8        0x4 .objs\mbed-dev\platform\mbed_retarget.o
                0x08000fe8                _lseek
 .text.fstat    0x08000fec       0x3c .objs\mbed-dev\platform\mbed_retarget.o
                0x08000fec                fstat
 .text._fstat   0x08001028        0x4 .objs\mbed-dev\platform\mbed_retarget.o
                0x08001028                _fstat
 .text.mbed_main
                0x0800102c        0x2 .objs\mbed-dev\platform\mbed_sdk_boot.o
                0x0800102c                mbed_main
 .text.software_init_hook_rtos
                0x0800102e        0x2 .objs\mbed-dev\platform\mbed_sdk_boot.o
                0x0800102e                software_init_hook_rtos
 .text.mbed_copy_nvic
                0x08001030       0x2c .objs\mbed-dev\platform\mbed_sdk_boot.o
                0x08001030                mbed_copy_nvic
 .text.software_init_hook
                0x0800105c       0x10 .objs\mbed-dev\platform\mbed_sdk_boot.o
                0x0800105c                software_init_hook
 .text.__wrap_main
                0x0800106c        0xe .objs\mbed-dev\platform\mbed_sdk_boot.o
                0x0800106c                __wrap_main
 .text.wait_us  0x0800107a       0x1e .objs\mbed-dev\platform\mbed_wait_api_no_rtos.o
                0x0800107a                wait_us
 .text.wait_ms  0x08001098        0xa .objs\mbed-dev\platform\mbed_wait_api_no_rtos.o
                0x08001098                wait_ms
 *fill*         0x080010a2        0x2 
 .text.can_irq  0x080010a4       0xf4 .objs\mbed-dev\targets\target_stm\can_api.o
 .text.CAN1_SCE_IRQHandler
                0x08001198        0xc .objs\mbed-dev\targets\target_stm\can_api.o
                0x08001198                CAN1_SCE_IRQHandler
 .text.CAN1_TX_IRQHandler
                0x080011a4        0x4 .objs\mbed-dev\targets\target_stm\can_api.o
                0x080011a4                CAN1_TX_IRQHandler
 .text.CAN1_RX0_IRQHandler
                0x080011a8        0x4 .objs\mbed-dev\targets\target_stm\can_api.o
                0x080011a8                CAN1_RX0_IRQHandler
 .text.CAN2_SCE_IRQHandler
                0x080011ac        0xc .objs\mbed-dev\targets\target_stm\can_api.o
                0x080011ac                CAN2_SCE_IRQHandler
 .text.CAN2_TX_IRQHandler
                0x080011b8        0x4 .objs\mbed-dev\targets\target_stm\can_api.o
                0x080011b8                CAN2_TX_IRQHandler
 .text.CAN2_RX0_IRQHandler
                0x080011bc        0x4 .objs\mbed-dev\targets\target_stm\can_api.o
                0x080011bc                CAN2_RX0_IRQHandler
 .text.LL_GPIO_SetPinMode
                0x080011c0       0x2c .objs\mbed-dev\targets\target_stm\gpio_api.o
 .text.Set_GPIO_Clock
                0x080011ec      0x11c .objs\mbed-dev\targets\target_stm\gpio_api.o
                0x080011ec                Set_GPIO_Clock
 .text.gpio_set
                0x08001308       0x2c .objs\mbed-dev\targets\target_stm\gpio_api.o
                0x08001308                gpio_set
 .text.gpio_init
                0x08001334       0x40 .objs\mbed-dev\targets\target_stm\gpio_api.o
                0x08001334                gpio_init
 .text.gpio_mode
                0x08001374        0x8 .objs\mbed-dev\targets\target_stm\gpio_api.o
                0x08001374                gpio_mode
 .text.gpio_dir
                0x0800137c        0xe .objs\mbed-dev\targets\target_stm\gpio_api.o
                0x0800137c                gpio_dir
 .text.HAL_InitTick
                0x0800138a        0xa .objs\mbed-dev\targets\target_stm\hal_tick_overrides.o
                0x0800138a                HAL_InitTick
 .text.HAL_GetTick
                0x08001394       0x30 .objs\mbed-dev\targets\target_stm\hal_tick_overrides.o
                0x08001394                HAL_GetTick
 .text.mbed_sdk_init
                0x080013c4       0x20 .objs\mbed-dev\targets\target_stm\mbed_overrides.o
                0x080013c4                mbed_sdk_init
 .text.LL_GPIO_SetPinPull
                0x080013e4       0x2c .objs\mbed-dev\targets\target_stm\pinmap.o
 .text.stm_pin_PullConfig
                0x08001410        0xe .objs\mbed-dev\targets\target_stm\pinmap.o
 *fill*         0x0800141e        0x2 
 .text.pin_function
                0x08001420      0x138 .objs\mbed-dev\targets\target_stm\pinmap.o
                0x08001420                pin_function
 .text.pin_mode
                0x08001558       0x8c .objs\mbed-dev\targets\target_stm\pinmap.o
                0x08001558                pin_mode
 .text.port_dir
                0x080015e4       0x32 .objs\mbed-dev\targets\target_stm\port_api.o
                0x080015e4                port_dir
 .text.port_init
                0x08001616       0x2c .objs\mbed-dev\targets\target_stm\port_api.o
                0x08001616                port_init
 .text.port_write
                0x08001642       0x12 .objs\mbed-dev\targets\target_stm\port_api.o
                0x08001642                port_write
 .text.debug.constprop.1
                0x08001654       0x28 .objs\mbed-dev\targets\target_stm\serial_api.o
 .text.serial_readable
                0x0800167c       0x2c .objs\mbed-dev\targets\target_stm\serial_api.o
                0x0800167c                serial_readable
 .text.serial_writable
                0x080016a8       0x14 .objs\mbed-dev\targets\target_stm\serial_api.o
                0x080016a8                serial_writable
 .text.init_uart
                0x080016bc       0x58 .objs\mbed-dev\targets\target_stm\serial_api.o
                0x080016bc                init_uart
 .text.serial_baud
                0x08001714       0x20 .objs\mbed-dev\targets\target_stm\serial_api.o
                0x08001714                serial_baud
 .text.get_uart_index
                0x08001734       0x50 .objs\mbed-dev\targets\target_stm\serial_api.o
                0x08001734                get_uart_index
 .text.serial_init
                0x08001784      0x1b8 .objs\mbed-dev\targets\target_stm\serial_api.o
                0x08001784                serial_init
 .text.HAL_MspInit
                0x0800193c        0x2 .objs\mbed-dev\targets\target_stm\target_stm32f4\device\stm32f4xx_hal.o
                0x0800193c                HAL_MspInit
 *fill*         0x0800193e        0x2 
 .text.HAL_Init
                0x08001940       0x34 .objs\mbed-dev\targets\target_stm\target_stm32f4\device\stm32f4xx_hal.o
                0x08001940                HAL_Init
 .text.HAL_NVIC_SetPriorityGrouping
                0x08001974       0x24 .objs\mbed-dev\targets\target_stm\target_stm32f4\device\stm32f4xx_hal_cortex.o
                0x08001974                HAL_NVIC_SetPriorityGrouping
 .text.HAL_PWREx_EnableOverDrive
                0x08001998       0x78 .objs\mbed-dev\targets\target_stm\target_stm32f4\device\stm32f4xx_hal_pwr_ex.o
                0x08001998                HAL_PWREx_EnableOverDrive
 .text.HAL_RCC_ClockConfig
                0x08001a10      0x130 .objs\mbed-dev\targets\target_stm\target_stm32f4\device\stm32f4xx_hal_rcc.o
                0x08001a10                HAL_RCC_ClockConfig
 .text.HAL_RCC_GetPCLK1Freq
                0x08001b40       0x20 .objs\mbed-dev\targets\target_stm\target_stm32f4\device\stm32f4xx_hal_rcc.o
                0x08001b40                HAL_RCC_GetPCLK1Freq
 .text.HAL_RCC_GetPCLK2Freq
                0x08001b60       0x20 .objs\mbed-dev\targets\target_stm\target_stm32f4\device\stm32f4xx_hal_rcc.o
                0x08001b60                HAL_RCC_GetPCLK2Freq
 .text.HAL_RCC_GetClockConfig
                0x08001b80       0x3c .objs\mbed-dev\targets\target_stm\target_stm32f4\device\stm32f4xx_hal_rcc.o
                0x08001b80                HAL_RCC_GetClockConfig
 .text.HAL_RCCEx_PeriphCLKConfig
                0x08001bbc      0x40c .objs\mbed-dev\targets\target_stm\target_stm32f4\device\stm32f4xx_hal_rcc_ex.o
                0x08001bbc                HAL_RCCEx_PeriphCLKConfig
 .text.HAL_RCC_GetSysClockFreq
                0x08001fc8       0x90 .objs\mbed-dev\targets\target_stm\target_stm32f4\device\stm32f4xx_hal_rcc_ex.o
                0x08001fc8                HAL_RCC_GetSysClockFreq
 .text.HAL_RCC_OscConfig
                0x08002058      0x328 .objs\mbed-dev\targets\target_stm\target_stm32f4\device\stm32f4xx_hal_rcc_ex.o
                0x08002058                HAL_RCC_OscConfig
 .text.HAL_TIM_OC_MspInit
                0x08002380        0x2 .objs\mbed-dev\targets\target_stm\target_stm32f4\device\stm32f4xx_hal_tim.o
                0x08002380                HAL_TIM_OC_MspInit
 *fill*         0x08002382        0x2 
 .text.TIM_Base_SetConfig
                0x08002384       0xc8 .objs\mbed-dev\targets\target_stm\target_stm32f4\device\stm32f4xx_hal_tim.o
                0x08002384                TIM_Base_SetConfig
 .text.HAL_TIM_OC_Init
                0x0800244c       0x34 .objs\mbed-dev\targets\target_stm\target_stm32f4\device\stm32f4xx_hal_tim.o
                0x0800244c                HAL_TIM_OC_Init
 .text.TIM_CCxChannelCmd
                0x08002480       0x1a .objs\mbed-dev\targets\target_stm\target_stm32f4\device\stm32f4xx_hal_tim.o
                0x08002480                TIM_CCxChannelCmd
 *fill*         0x0800249a        0x2 
 .text.HAL_TIM_PWM_Start
                0x0800249c       0x34 .objs\mbed-dev\targets\target_stm\target_stm32f4\device\stm32f4xx_hal_tim.o
                0x0800249c                HAL_TIM_PWM_Start
 .text.HAL_TIM_OC_Start
                0x080024d0        0x4 .objs\mbed-dev\targets\target_stm\target_stm32f4\device\stm32f4xx_hal_tim.o
                0x080024d0                HAL_TIM_OC_Start
 .text.UART_SetConfig
                0x080024d4      0x23c .objs\mbed-dev\targets\target_stm\target_stm32f4\device\stm32f4xx_hal_uart.o
 .text.HAL_UART_MspInit
                0x08002710        0x2 .objs\mbed-dev\targets\target_stm\target_stm32f4\device\stm32f4xx_hal_uart.o
                0x08002710                HAL_UART_MspInit
 .text.HAL_UART_Init
                0x08002712       0x5c .objs\mbed-dev\targets\target_stm\target_stm32f4\device\stm32f4xx_hal_uart.o
                0x08002712                HAL_UART_Init
 *fill*         0x0800276e        0x2 
 .text.SystemCoreClockUpdate
                0x08002770       0x74 .objs\mbed-dev\targets\target_stm\target_stm32f4\device\system_stm32f4xx.o
                0x08002770                SystemCoreClockUpdate
 .text.serial_getc
                0x080027e4       0x24 .objs\mbed-dev\targets\target_stm\target_stm32f4\serial_device.o
                0x080027e4                serial_getc
 .text.serial_putc
                0x08002808       0x24 .objs\mbed-dev\targets\target_stm\target_stm32f4\serial_device.o
                0x08002808                serial_putc
 .text.Reset_Handler
                0x0800282c       0x4c .objs\mbed-dev\targets\target_stm\target_stm32f4\target_stm32f446xe\device\toolchain_gcc_arm\startup_stm32f446xx.o
                0x0800282c                Reset_Handler
 .text.Default_Handler
                0x08002878        0x2 .objs\mbed-dev\targets\target_stm\target_stm32f4\target_stm32f446xe\device\toolchain_gcc_arm\startup_stm32f446xx.o
                0x08002878                RTC_Alarm_IRQHandler
                0x08002878                EXTI2_IRQHandler
                0x08002878                TIM8_CC_IRQHandler
                0x08002878                DebugMon_Handler
                0x08002878                SPI4_IRQHandler
                0x08002878                TIM1_CC_IRQHandler
                0x08002878                QuadSPI_IRQHandler
                0x08002878                DMA2_Stream5_IRQHandler
                0x08002878                HardFault_Handler
                0x08002878                DMA1_Stream5_IRQHandler
                0x08002878                SysTick_Handler
                0x08002878                PVD_IRQHandler
                0x08002878                SDIO_IRQHandler
                0x08002878                TAMP_STAMP_IRQHandler
                0x08002878                PendSV_Handler
                0x08002878                NMI_Handler
                0x08002878                CAN2_RX1_IRQHandler
                0x08002878                EXTI3_IRQHandler
                0x08002878                TIM8_TRG_COM_TIM14_IRQHandler
                0x08002878                TIM1_UP_TIM10_IRQHandler
                0x08002878                TIM8_UP_TIM13_IRQHandler
                0x08002878                I2C3_ER_IRQHandler
                0x08002878                FMPI2C1_Event_IRQHandler
                0x08002878                EXTI0_IRQHandler
                0x08002878                I2C2_EV_IRQHandler
                0x08002878                DMA1_Stream2_IRQHandler
                0x08002878                FPU_IRQHandler
                0x08002878                OTG_HS_WKUP_IRQHandler
                0x08002878                UsageFault_Handler
                0x08002878                DMA2_Stream2_IRQHandler
                0x08002878                SPI1_IRQHandler
                0x08002878                TIM6_DAC_IRQHandler
                0x08002878                TIM1_BRK_TIM9_IRQHandler
                0x08002878                DCMI_IRQHandler
                0x08002878                DMA2_Stream3_IRQHandler
                0x08002878                SAI2_IRQHandler
                0x08002878                USART6_IRQHandler
                0x08002878                USART3_IRQHandler
                0x08002878                CAN1_RX1_IRQHandler
                0x08002878                UART5_IRQHandler
                0x08002878                DMA2_Stream0_IRQHandler
                0x08002878                TIM4_IRQHandler
                0x08002878                I2C1_EV_IRQHandler
                0x08002878                DMA1_Stream6_IRQHandler
                0x08002878                DMA1_Stream1_IRQHandler
                0x08002878                UART4_IRQHandler
                0x08002878                TIM3_IRQHandler
                0x08002878                RCC_IRQHandler
                0x08002878                TIM8_BRK_TIM12_IRQHandler
                0x08002878                Default_Handler
                0x08002878                CEC_IRQHandler
                0x08002878                EXTI15_10_IRQHandler
                0x08002878                ADC_IRQHandler
                0x08002878                DMA1_Stream7_IRQHandler
                0x08002878                TIM7_IRQHandler
                0x08002878                TIM5_IRQHandler
                0x08002878                DMA2_Stream7_IRQHandler
                0x08002878                I2C3_EV_IRQHandler
                0x08002878                EXTI9_5_IRQHandler
                0x08002878                RTC_WKUP_IRQHandler
                0x08002878                SPDIF_RX_IRQHandler
                0x08002878                SPI2_IRQHandler
                0x08002878                OTG_HS_EP1_IN_IRQHandler
                0x08002878                MemManage_Handler
                0x08002878                DMA1_Stream0_IRQHandler
                0x08002878                SVC_Handler
                0x08002878                EXTI4_IRQHandler
                0x08002878                OTG_HS_EP1_OUT_IRQHandler
                0x08002878                WWDG_IRQHandler
                0x08002878                TIM2_IRQHandler
                0x08002878                OTG_FS_WKUP_IRQHandler
                0x08002878                TIM1_TRG_COM_TIM11_IRQHandler
                0x08002878                OTG_HS_IRQHandler
                0x08002878                EXTI1_IRQHandler
                0x08002878                USART2_IRQHandler
                0x08002878                I2C2_ER_IRQHandler
                0x08002878                DMA2_Stream1_IRQHandler
                0x08002878                FLASH_IRQHandler
                0x08002878                DMA2_Stream4_IRQHandler
                0x08002878                BusFault_Handler
                0x08002878                USART1_IRQHandler
                0x08002878                OTG_FS_IRQHandler
                0x08002878                SPI3_IRQHandler
                0x08002878                DMA1_Stream4_IRQHandler
                0x08002878                I2C1_ER_IRQHandler
                0x08002878                FMC_IRQHandler
                0x08002878                DMA2_Stream6_IRQHandler
                0x08002878                SAI1_IRQHandler
                0x08002878                DMA1_Stream3_IRQHandler
                0x08002878                FMPI2C1_Error_IRQHandler
 *fill*         0x0800287a        0x2 
 .text.SystemInit
                0x0800287c       0x44 .objs\mbed-dev\targets\target_stm\target_stm32f4\target_stm32f446xe\target_nucleo_f446re\system_clock.o
                0x0800287c                SystemInit
 .text.SetSysClock_PLL_HSE
                0x080028c0       0xc4 .objs\mbed-dev\targets\target_stm\target_stm32f4\target_stm32f446xe\target_nucleo_f446re\system_clock.o
                0x080028c0                SetSysClock_PLL_HSE
 .text.SetSysClock_PLL_HSI
                0x08002984       0xb4 .objs\mbed-dev\targets\target_stm\target_stm32f4\target_stm32f446xe\target_nucleo_f446re\system_clock.o
                0x08002984                SetSysClock_PLL_HSI
 .text.SetSysClock
                0x08002a38       0x20 .objs\mbed-dev\targets\target_stm\target_stm32f4\target_stm32f446xe\target_nucleo_f446re\system_clock.o
                0x08002a38                SetSysClock
 .text.timer_irq_handler
                0x08002a58       0x28 .objs\mbed-dev\targets\target_stm\us_ticker.o
                0x08002a58                timer_irq_handler
 .text.us_ticker_get_info
                0x08002a80        0x8 .objs\mbed-dev\targets\target_stm\us_ticker.o
                0x08002a80                us_ticker_get_info
 .text.init_32bit_timer
                0x08002a88       0xa8 .objs\mbed-dev\targets\target_stm\us_ticker.o
                0x08002a88                init_32bit_timer
 .text.us_ticker_read
                0x08002b30        0xc .objs\mbed-dev\targets\target_stm\us_ticker.o
                0x08002b30                us_ticker_read
 .text.us_ticker_set_interrupt
                0x08002b3c       0x1c .objs\mbed-dev\targets\target_stm\us_ticker.o
                0x08002b3c                us_ticker_set_interrupt
 .text.us_ticker_fire_interrupt
                0x08002b58       0x20 .objs\mbed-dev\targets\target_stm\us_ticker.o
                0x08002b58                us_ticker_fire_interrupt
 .text.us_ticker_disable_interrupt
                0x08002b78       0x14 .objs\mbed-dev\targets\target_stm\us_ticker.o
                0x08002b78                us_ticker_disable_interrupt
 .text.us_ticker_init
                0x08002b8c        0x4 .objs\mbed-dev\targets\target_stm\us_ticker.o
                0x08002b8c                us_ticker_init
 .text.us_ticker_clear_interrupt
                0x08002b90       0x10 .objs\mbed-dev\targets\target_stm\us_ticker.o
                0x08002b90                us_ticker_clear_interrupt
 .text._calloc_r
                0x08002ba0       0x60 c:/program files (x86)/embitz/1.11/share/em_armgcc/bin/../lib/gcc/arm-none-eabi/5.4.1/../../../../arm-none-eabi/lib/armv7e-m/softfp\libc.a(lib_a-callocr.o)
                0x08002ba0                _calloc_r
 .text.__errno  0x08002c00        0xc c:/program files (x86)/embitz/1.11/share/em_armgcc/bin/../lib/gcc/arm-none-eabi/5.4.1/../../../../arm-none-eabi/lib/armv7e-m/softfp\libc.a(lib_a-errno.o)
                0x08002c00                __errno
 .text._fclose_r
                0x08002c0c       0x84 c:/program files (x86)/embitz/1.11/share/em_armgcc/bin/../lib/gcc/arm-none-eabi/5.4.1/../../../../arm-none-eabi/lib/armv7e-m/softfp\libc.a(lib_a-fclose.o)
                0x08002c0c                _fclose_r
 .text.__sflush_r
                0x08002c90      0x148 c:/program files (x86)/embitz/1.11/share/em_armgcc/bin/../lib/gcc/arm-none-eabi/5.4.1/../../../../arm-none-eabi/lib/armv7e-m/softfp\libc.a(lib_a-fflush.o)
                0x08002c90                __sflush_r
 .text._fflush_r
                0x08002dd8       0x2c c:/program files (x86)/embitz/1.11/share/em_armgcc/bin/../lib/gcc/arm-none-eabi/5.4.1/../../../../arm-none-eabi/lib/armv7e-m/softfp\libc.a(lib_a-fflush.o)
                0x08002dd8                _fflush_r
 .text.fflush   0x08002e04       0x24 c:/program files (x86)/embitz/1.11/share/em_armgcc/bin/../lib/gcc/arm-none-eabi/5.4.1/../../../../arm-none-eabi/lib/armv7e-m/softfp\libc.a(lib_a-fflush.o)
                0x08002e04                fflush
 .text._cleanup_r
                0x08002e28        0xc c:/program files (x86)/embitz/1.11/share/em_armgcc/bin/../lib/gcc/arm-none-eabi/5.4.1/../../../../arm-none-eabi/lib/armv7e-m/softfp\libc.a(lib_a-findfp.o)
                0x08002e28                _cleanup_r
 .text.__sinit.part.1
                0x08002e34       0xf0 c:/program files (x86)/embitz/1.11/share/em_armgcc/bin/../lib/gcc/arm-none-eabi/5.4.1/../../../../arm-none-eabi/lib/armv7e-m/softfp\libc.a(lib_a-findfp.o)
 .text.__sinit  0x08002f24        0xc c:/program files (x86)/embitz/1.11/share/em_armgcc/bin/../lib/gcc/arm-none-eabi/5.4.1/../../../../arm-none-eabi/lib/armv7e-m/softfp\libc.a(lib_a-findfp.o)
                0x08002f24                __sinit
 .text.__sfp_lock_acquire
                0x08002f30        0x4 c:/program files (x86)/embitz/1.11/share/em_armgcc/bin/../lib/gcc/arm-none-eabi/5.4.1/../../../../arm-none-eabi/lib/armv7e-m/softfp\libc.a(lib_a-findfp.o)
                0x08002f30                __sfp_lock_acquire
 .text.__sfp_lock_release
                0x08002f34        0x4 c:/program files (x86)/embitz/1.11/share/em_armgcc/bin/../lib/gcc/arm-none-eabi/5.4.1/../../../../arm-none-eabi/lib/armv7e-m/softfp\libc.a(lib_a-findfp.o)
                0x08002f34                __sfp_lock_release
 .text._malloc_trim_r
                0x08002f38       0x9c c:/program files (x86)/embitz/1.11/share/em_armgcc/bin/../lib/gcc/arm-none-eabi/5.4.1/../../../../arm-none-eabi/lib/armv7e-m/softfp\libc.a(lib_a-freer.o)
                0x08002f38                _malloc_trim_r
 .text._free_r  0x08002fd4      0x1d0 c:/program files (x86)/embitz/1.11/share/em_armgcc/bin/../lib/gcc/arm-none-eabi/5.4.1/../../../../arm-none-eabi/lib/armv7e-m/softfp\libc.a(lib_a-freer.o)
                0x08002fd4                _free_r
 .text._fstat_r
                0x080031a4       0x28 c:/program files (x86)/embitz/1.11/share/em_armgcc/bin/../lib/gcc/arm-none-eabi/5.4.1/../../../../arm-none-eabi/lib/armv7e-m/softfp\libc.a(lib_a-fstatr.o)
                0x080031a4                _fstat_r
 .text.__sfvwrite_r
                0x080031cc      0x304 c:/program files (x86)/embitz/1.11/share/em_armgcc/bin/../lib/gcc/arm-none-eabi/5.4.1/../../../../arm-none-eabi/lib/armv7e-m/softfp\libc.a(lib_a-fvwrite.o)
                0x080031cc                __sfvwrite_r
 .text._fwalk_reent
                0x080034d0       0x54 c:/program files (x86)/embitz/1.11/share/em_armgcc/bin/../lib/gcc/arm-none-eabi/5.4.1/../../../../arm-none-eabi/lib/armv7e-m/softfp\libc.a(lib_a-fwalk.o)
                0x080034d0                _fwalk_reent
 .text.__libc_init_array
                0x08003524       0x50 c:/program files (x86)/embitz/1.11/share/em_armgcc/bin/../lib/gcc/arm-none-eabi/5.4.1/../../../../arm-none-eabi/lib/armv7e-m/softfp\libc.a(lib_a-init.o)
                0x08003524                __libc_init_array
 .text.__swhatbuf_r
                0x08003574       0x60 c:/program files (x86)/embitz/1.11/share/em_armgcc/bin/../lib/gcc/arm-none-eabi/5.4.1/../../../../arm-none-eabi/lib/armv7e-m/softfp\libc.a(lib_a-makebuf.o)
                0x08003574                __swhatbuf_r
 .text.__smakebuf_r
                0x080035d4       0x88 c:/program files (x86)/embitz/1.11/share/em_armgcc/bin/../lib/gcc/arm-none-eabi/5.4.1/../../../../arm-none-eabi/lib/armv7e-m/softfp\libc.a(lib_a-makebuf.o)
                0x080035d4                __smakebuf_r
 .text.free     0x0800365c       0x10 c:/program files (x86)/embitz/1.11/share/em_armgcc/bin/../lib/gcc/arm-none-eabi/5.4.1/../../../../arm-none-eabi/lib/armv7e-m/softfp\libc.a(lib_a-malloc.o)
                0x0800365c                free
 .text._malloc_r
                0x0800366c      0x570 c:/program files (x86)/embitz/1.11/share/em_armgcc/bin/../lib/gcc/arm-none-eabi/5.4.1/../../../../arm-none-eabi/lib/armv7e-m/softfp\libc.a(lib_a-mallocr.o)
                0x0800366c                _malloc_r
 *fill*         0x08003bdc        0x4 
 .text          0x08003be0       0xa0 c:/program files (x86)/embitz/1.11/share/em_armgcc/bin/../lib/gcc/arm-none-eabi/5.4.1/../../../../arm-none-eabi/lib/armv7e-m/softfp\libc.a(lib_a-memchr.o)
                0x08003be0                memchr
 .text          0x08003c80      0x134 c:/program files (x86)/embitz/1.11/share/em_armgcc/bin/../lib/gcc/arm-none-eabi/5.4.1/../../../../arm-none-eabi/lib/armv7e-m/softfp\libc.a(lib_a-memcpy.o)
                0x08003c80                memcpy
 .text.memmove  0x08003db4       0xc8 c:/program files (x86)/embitz/1.11/share/em_armgcc/bin/../lib/gcc/arm-none-eabi/5.4.1/../../../../arm-none-eabi/lib/armv7e-m/softfp\libc.a(lib_a-memmove.o)
                0x08003db4                memmove
 .text.memset   0x08003e7c       0x9c c:/program files (x86)/embitz/1.11/share/em_armgcc/bin/../lib/gcc/arm-none-eabi/5.4.1/../../../../arm-none-eabi/lib/armv7e-m/softfp\libc.a(lib_a-memset.o)
                0x08003e7c                memset
 .text._realloc_r
                0x08003f18      0x3e0 c:/program files (x86)/embitz/1.11/share/em_armgcc/bin/../lib/gcc/arm-none-eabi/5.4.1/../../../../arm-none-eabi/lib/armv7e-m/softfp\libc.a(lib_a-reallocr.o)
                0x08003f18                _realloc_r
 .text._sbrk_r  0x080042f8       0x24 c:/program files (x86)/embitz/1.11/share/em_armgcc/bin/../lib/gcc/arm-none-eabi/5.4.1/../../../../arm-none-eabi/lib/armv7e-m/softfp\libc.a(lib_a-sbrkr.o)
                0x080042f8                _sbrk_r
 .text.__sread  0x0800431c       0x24 c:/program files (x86)/embitz/1.11/share/em_armgcc/bin/../lib/gcc/arm-none-eabi/5.4.1/../../../../arm-none-eabi/lib/armv7e-m/softfp\libc.a(lib_a-stdio.o)
                0x0800431c                __sread
 .text.__swrite
                0x08004340       0x3c c:/program files (x86)/embitz/1.11/share/em_armgcc/bin/../lib/gcc/arm-none-eabi/5.4.1/../../../../arm-none-eabi/lib/armv7e-m/softfp\libc.a(lib_a-stdio.o)
                0x08004340                __swrite
 .text.__sseek  0x0800437c       0x20 c:/program files (x86)/embitz/1.11/share/em_armgcc/bin/../lib/gcc/arm-none-eabi/5.4.1/../../../../arm-none-eabi/lib/armv7e-m/softfp\libc.a(lib_a-stdio.o)
                0x0800437c                __sseek
 .text.__sclose
                0x0800439c        0x8 c:/program files (x86)/embitz/1.11/share/em_armgcc/bin/../lib/gcc/arm-none-eabi/5.4.1/../../../../arm-none-eabi/lib/armv7e-m/softfp\libc.a(lib_a-stdio.o)
                0x0800439c                __sclose
 *fill*         0x080043a4       0x1c 
 .text          0x080043c0       0xdc c:/program files (x86)/embitz/1.11/share/em_armgcc/bin/../lib/gcc/arm-none-eabi/5.4.1/../../../../arm-none-eabi/lib/armv7e-m/softfp\libc.a(lib_a-strlen.o)
                0x080043c0                strlen
 *fill*         0x0800449c        0x4 
 .text._vfprintf_r
                0x080044a0     0x1724 c:/program files (x86)/embitz/1.11/share/em_armgcc/bin/../lib/gcc/arm-none-eabi/5.4.1/../../../../arm-none-eabi/lib/armv7e-m/softfp\libc.a(lib_a-vfprintf.o)
                0x080044a0                _vfprintf_r
 .text.vfprintf
                0x08005bc4       0x18 c:/program files (x86)/embitz/1.11/share/em_armgcc/bin/../lib/gcc/arm-none-eabi/5.4.1/../../../../arm-none-eabi/lib/armv7e-m/softfp\libc.a(lib_a-vfprintf.o)
                0x08005bc4                vfprintf
 .text.__sbprintf
                0x08005bdc       0x6c c:/program files (x86)/embitz/1.11/share/em_armgcc/bin/../lib/gcc/arm-none-eabi/5.4.1/../../../../arm-none-eabi/lib/armv7e-m/softfp\libc.a(lib_a-vfprintf.o)
 .text._vsnprintf_r
                0x08005c48       0x74 c:/program files (x86)/embitz/1.11/share/em_armgcc/bin/../lib/gcc/arm-none-eabi/5.4.1/../../../../arm-none-eabi/lib/armv7e-m/softfp\libc.a(lib_a-vsnprintf.o)
                0x08005c48                _vsnprintf_r
 .text.vsnprintf
                0x08005cbc       0x20 c:/program files (x86)/embitz/1.11/share/em_armgcc/bin/../lib/gcc/arm-none-eabi/5.4.1/../../../../arm-none-eabi/lib/armv7e-m/softfp\libc.a(lib_a-vsnprintf.o)
                0x08005cbc                vsnprintf
 .text.__swbuf_r
                0x08005cdc       0xac c:/program files (x86)/embitz/1.11/share/em_armgcc/bin/../lib/gcc/arm-none-eabi/5.4.1/../../../../arm-none-eabi/lib/armv7e-m/softfp\libc.a(lib_a-wbuf.o)
                0x08005cdc                __swbuf_r
 .text._write_r
                0x08005d88       0x2c c:/program files (x86)/embitz/1.11/share/em_armgcc/bin/../lib/gcc/arm-none-eabi/5.4.1/../../../../arm-none-eabi/lib/armv7e-m/softfp\libc.a(lib_a-writer.o)
                0x08005d88                _write_r
 .text.__swsetup_r
                0x08005db4       0xc8 c:/program files (x86)/embitz/1.11/share/em_armgcc/bin/../lib/gcc/arm-none-eabi/5.4.1/../../../../arm-none-eabi/lib/armv7e-m/softfp\libc.a(lib_a-wsetup.o)
                0x08005db4                __swsetup_r
 .text._close_r
                0x08005e7c       0x24 c:/program files (x86)/embitz/1.11/share/em_armgcc/bin/../lib/gcc/arm-none-eabi/5.4.1/../../../../arm-none-eabi/lib/armv7e-m/softfp\libc.a(lib_a-closer.o)
                0x08005e7c                _close_r
 .text.quorem   0x08005ea0      0x128 c:/program files (x86)/embitz/1.11/share/em_armgcc/bin/../lib/gcc/arm-none-eabi/5.4.1/../../../../arm-none-eabi/lib/armv7e-m/softfp\libc.a(lib_a-dtoa.o)
 .text._dtoa_r  0x08005fc8      0xe2c c:/program files (x86)/embitz/1.11/share/em_armgcc/bin/../lib/gcc/arm-none-eabi/5.4.1/../../../../arm-none-eabi/lib/armv7e-m/softfp\libc.a(lib_a-dtoa.o)
                0x08005fc8                _dtoa_r
 .text._isatty_r
                0x08006df4       0x24 c:/program files (x86)/embitz/1.11/share/em_armgcc/bin/../lib/gcc/arm-none-eabi/5.4.1/../../../../arm-none-eabi/lib/armv7e-m/softfp\libc.a(lib_a-isattyr.o)
                0x08006df4                _isatty_r
 .text.__locale_charset
                0x08006e18        0x8 c:/program files (x86)/embitz/1.11/share/em_armgcc/bin/../lib/gcc/arm-none-eabi/5.4.1/../../../../arm-none-eabi/lib/armv7e-m/softfp\libc.a(lib_a-locale.o)
                0x08006e18                __locale_charset
 .text.__locale_mb_cur_max
                0x08006e20        0xc c:/program files (x86)/embitz/1.11/share/em_armgcc/bin/../lib/gcc/arm-none-eabi/5.4.1/../../../../arm-none-eabi/lib/armv7e-m/softfp\libc.a(lib_a-locale.o)
                0x08006e20                __locale_mb_cur_max
 .text._localeconv_r
                0x08006e2c        0x8 c:/program files (x86)/embitz/1.11/share/em_armgcc/bin/../lib/gcc/arm-none-eabi/5.4.1/../../../../arm-none-eabi/lib/armv7e-m/softfp\libc.a(lib_a-locale.o)
                0x08006e2c                _localeconv_r
 .text._lseek_r
                0x08006e34       0x2c c:/program files (x86)/embitz/1.11/share/em_armgcc/bin/../lib/gcc/arm-none-eabi/5.4.1/../../../../arm-none-eabi/lib/armv7e-m/softfp\libc.a(lib_a-lseekr.o)
                0x08006e34                _lseek_r
 .text._Balloc  0x08006e60       0x4c c:/program files (x86)/embitz/1.11/share/em_armgcc/bin/../lib/gcc/arm-none-eabi/5.4.1/../../../../arm-none-eabi/lib/armv7e-m/softfp\libc.a(lib_a-mprec.o)
                0x08006e60                _Balloc
 .text._Bfree   0x08006eac       0x14 c:/program files (x86)/embitz/1.11/share/em_armgcc/bin/../lib/gcc/arm-none-eabi/5.4.1/../../../../arm-none-eabi/lib/armv7e-m/softfp\libc.a(lib_a-mprec.o)
                0x08006eac                _Bfree
 .text.__multadd
                0x08006ec0       0x80 c:/program files (x86)/embitz/1.11/share/em_armgcc/bin/../lib/gcc/arm-none-eabi/5.4.1/../../../../arm-none-eabi/lib/armv7e-m/softfp\libc.a(lib_a-mprec.o)
                0x08006ec0                __multadd
 .text.__hi0bits
                0x08006f40       0x40 c:/program files (x86)/embitz/1.11/share/em_armgcc/bin/../lib/gcc/arm-none-eabi/5.4.1/../../../../arm-none-eabi/lib/armv7e-m/softfp\libc.a(lib_a-mprec.o)
                0x08006f40                __hi0bits
 .text.__lo0bits
                0x08006f80       0x5c c:/program files (x86)/embitz/1.11/share/em_armgcc/bin/../lib/gcc/arm-none-eabi/5.4.1/../../../../arm-none-eabi/lib/armv7e-m/softfp\libc.a(lib_a-mprec.o)
                0x08006f80                __lo0bits
 .text.__i2b    0x08006fdc       0x14 c:/program files (x86)/embitz/1.11/share/em_armgcc/bin/../lib/gcc/arm-none-eabi/5.4.1/../../../../arm-none-eabi/lib/armv7e-m/softfp\libc.a(lib_a-mprec.o)
                0x08006fdc                __i2b
 .text.__multiply
                0x08006ff0      0x130 c:/program files (x86)/embitz/1.11/share/em_armgcc/bin/../lib/gcc/arm-none-eabi/5.4.1/../../../../arm-none-eabi/lib/armv7e-m/softfp\libc.a(lib_a-mprec.o)
                0x08006ff0                __multiply
 .text.__pow5mult
                0x08007120       0xa0 c:/program files (x86)/embitz/1.11/share/em_armgcc/bin/../lib/gcc/arm-none-eabi/5.4.1/../../../../arm-none-eabi/lib/armv7e-m/softfp\libc.a(lib_a-mprec.o)
                0x08007120                __pow5mult
 .text.__lshift
                0x080071c0       0xb0 c:/program files (x86)/embitz/1.11/share/em_armgcc/bin/../lib/gcc/arm-none-eabi/5.4.1/../../../../arm-none-eabi/lib/armv7e-m/softfp\libc.a(lib_a-mprec.o)
                0x080071c0                __lshift
 .text.__mcmp   0x08007270       0x44 c:/program files (x86)/embitz/1.11/share/em_armgcc/bin/../lib/gcc/arm-none-eabi/5.4.1/../../../../arm-none-eabi/lib/armv7e-m/softfp\libc.a(lib_a-mprec.o)
                0x08007270                __mcmp
 .text.__mdiff  0x080072b4      0x114 c:/program files (x86)/embitz/1.11/share/em_armgcc/bin/../lib/gcc/arm-none-eabi/5.4.1/../../../../arm-none-eabi/lib/armv7e-m/softfp\libc.a(lib_a-mprec.o)
                0x080072b4                __mdiff
 .text.__d2b    0x080073c8       0xb8 c:/program files (x86)/embitz/1.11/share/em_armgcc/bin/../lib/gcc/arm-none-eabi/5.4.1/../../../../arm-none-eabi/lib/armv7e-m/softfp\libc.a(lib_a-mprec.o)
                0x080073c8                __d2b
 .text._read_r  0x08007480       0x2c c:/program files (x86)/embitz/1.11/share/em_armgcc/bin/../lib/gcc/arm-none-eabi/5.4.1/../../../../arm-none-eabi/lib/armv7e-m/softfp\libc.a(lib_a-readr.o)
                0x08007480                _read_r
 *fill*         0x080074ac        0x4 
 .text._svfprintf_r
                0x080074b0     0x16e0 c:/program files (x86)/embitz/1.11/share/em_armgcc/bin/../lib/gcc/arm-none-eabi/5.4.1/../../../../arm-none-eabi/lib/armv7e-m/softfp\libc.a(lib_a-svfprintf.o)
                0x080074b0                _svfprintf_r
 .text.__sprint_r.part.0
                0x08008b90       0x78 c:/program files (x86)/embitz/1.11/share/em_armgcc/bin/../lib/gcc/arm-none-eabi/5.4.1/../../../../arm-none-eabi/lib/armv7e-m/softfp\libc.a(lib_a-vfiprintf.o)
 .text.__sprint_r
                0x08008c08       0x14 c:/program files (x86)/embitz/1.11/share/em_armgcc/bin/../lib/gcc/arm-none-eabi/5.4.1/../../../../arm-none-eabi/lib/armv7e-m/softfp\libc.a(lib_a-vfiprintf.o)
                0x08008c08                __sprint_r
 .text.__fputwc
                0x08008c1c       0x98 c:/program files (x86)/embitz/1.11/share/em_armgcc/bin/../lib/gcc/arm-none-eabi/5.4.1/../../../../arm-none-eabi/lib/armv7e-m/softfp\libc.a(lib_a-fputwc.o)
                0x08008c1c                __fputwc
 .text._fputwc_r
                0x08008cb4       0x28 c:/program files (x86)/embitz/1.11/share/em_armgcc/bin/../lib/gcc/arm-none-eabi/5.4.1/../../../../arm-none-eabi/lib/armv7e-m/softfp\libc.a(lib_a-fputwc.o)
                0x08008cb4                _fputwc_r
 .text.__ssprint_r
                0x08008cdc      0x100 c:/program files (x86)/embitz/1.11/share/em_armgcc/bin/../lib/gcc/arm-none-eabi/5.4.1/../../../../arm-none-eabi/lib/armv7e-m/softfp\libc.a(lib_a-svfiprintf.o)
                0x08008cdc                __ssprint_r
 .text._wcrtomb_r
                0x08008ddc       0x54 c:/program files (x86)/embitz/1.11/share/em_armgcc/bin/../lib/gcc/arm-none-eabi/5.4.1/../../../../arm-none-eabi/lib/armv7e-m/softfp\libc.a(lib_a-wcrtomb.o)
                0x08008ddc                _wcrtomb_r
 .text.__ascii_wctomb
                0x08008e30       0x1c c:/program files (x86)/embitz/1.11/share/em_armgcc/bin/../lib/gcc/arm-none-eabi/5.4.1/../../../../arm-none-eabi/lib/armv7e-m/softfp\libc.a(lib_a-wctomb_r.o)
                0x08008e30                __ascii_wctomb
 .text          0x08008e4c       0x18 c:/program files (x86)/embitz/1.11/share/em_armgcc/bin/../lib/gcc/arm-none-eabi/5.4.1/armv7e-m/softfp\libgcc.a(_lshrdi3.o)
                0x08008e4c                __lshrdi3
                0x08008e4c                __aeabi_llsr
 .text          0x08008e64       0x18 c:/program files (x86)/embitz/1.11/share/em_armgcc/bin/../lib/gcc/arm-none-eabi/5.4.1/armv7e-m/softfp\libgcc.a(_ashldi3.o)
                0x08008e64                __aeabi_llsl
                0x08008e64                __ashldi3
 .text          0x08008e7c      0x370 c:/program files (x86)/embitz/1.11/share/em_armgcc/bin/../lib/gcc/arm-none-eabi/5.4.1/armv7e-m/softfp\libgcc.a(_arm_addsubdf3.o)
                0x08008e7c                __aeabi_drsub
                0x08008e84                __aeabi_dsub
                0x08008e84                __subdf3
                0x08008e88                __aeabi_dadd
                0x08008e88                __adddf3
                0x08009100                __floatunsidf
                0x08009100                __aeabi_ui2d
                0x08009120                __floatsidf
                0x08009120                __aeabi_i2d
                0x08009144                __aeabi_f2d
                0x08009144                __extendsfdf2
                0x08009180                __floatundidf
                0x08009180                __aeabi_ul2d
                0x08009190                __floatdidf
                0x08009190                __aeabi_l2d
 .text          0x080091ec      0x424 c:/program files (x86)/embitz/1.11/share/em_armgcc/bin/../lib/gcc/arm-none-eabi/5.4.1/armv7e-m/softfp\libgcc.a(_arm_muldivdf3.o)
                0x080091ec                __aeabi_dmul
                0x080091ec                __muldf3
                0x08009440                __divdf3
                0x08009440                __aeabi_ddiv
 .text          0x08009610      0x110 c:/program files (x86)/embitz/1.11/share/em_armgcc/bin/../lib/gcc/arm-none-eabi/5.4.1/armv7e-m/softfp\libgcc.a(_arm_cmpdf2.o)
                0x08009610                __gtdf2
                0x08009610                __gedf2
                0x08009618                __ltdf2
                0x08009618                __ledf2
                0x08009620                __nedf2
                0x08009620                __eqdf2
                0x08009620                __cmpdf2
                0x0800969c                __aeabi_cdrcmple
                0x080096ac                __aeabi_cdcmpeq
                0x080096ac                __aeabi_cdcmple
                0x080096bc                __aeabi_dcmpeq
                0x080096d0                __aeabi_dcmplt
                0x080096e4                __aeabi_dcmple
                0x080096f8                __aeabi_dcmpge
                0x0800970c                __aeabi_dcmpgt
 .text          0x08009720       0x2c c:/program files (x86)/embitz/1.11/share/em_armgcc/bin/../lib/gcc/arm-none-eabi/5.4.1/armv7e-m/softfp\libgcc.a(_arm_unorddf2.o)
                0x08009720                __unorddf2
                0x08009720                __aeabi_dcmpun
 .text          0x0800974c       0x50 c:/program files (x86)/embitz/1.11/share/em_armgcc/bin/../lib/gcc/arm-none-eabi/5.4.1/armv7e-m/softfp\libgcc.a(_arm_fixdfsi.o)
                0x0800974c                __aeabi_d2iz
                0x0800974c                __fixdfsi
 .text          0x0800979c       0x30 c:/program files (x86)/embitz/1.11/share/em_armgcc/bin/../lib/gcc/arm-none-eabi/5.4.1/armv7e-m/softfp\libgcc.a(_aeabi_uldivmod.o)
                0x0800979c                __aeabi_uldivmod
 .text          0x080097cc      0x2e4 c:/program files (x86)/embitz/1.11/share/em_armgcc/bin/../lib/gcc/arm-none-eabi/5.4.1/armv7e-m/softfp\libgcc.a(_udivmoddi4.o)
                0x080097cc                __udivmoddi4
 .text          0x08009ab0        0x4 c:/program files (x86)/embitz/1.11/share/em_armgcc/bin/../lib/gcc/arm-none-eabi/5.4.1/armv7e-m/softfp\libgcc.a(_dvmd_tls.o)
                0x08009ab0                __aeabi_idiv0
                0x08009ab0                __aeabi_ldiv0
 *(.init)
 .init          0x08009ab4        0x4 c:/program files (x86)/embitz/1.11/share/em_armgcc/bin/../lib/gcc/arm-none-eabi/5.4.1/armv7e-m/softfp/crti.o
                0x08009ab4                _init
 .init          0x08009ab8        0x8 c:/program files (x86)/embitz/1.11/share/em_armgcc/bin/../lib/gcc/arm-none-eabi/5.4.1/armv7e-m/softfp/crtn.o
 *(.fini)
 .fini          0x08009ac0        0x4 c:/program files (x86)/embitz/1.11/share/em_armgcc/bin/../lib/gcc/arm-none-eabi/5.4.1/armv7e-m/softfp/crti.o
                0x08009ac0                _fini
 .fini          0x08009ac4        0x8 c:/program files (x86)/embitz/1.11/share/em_armgcc/bin/../lib/gcc/arm-none-eabi/5.4.1/armv7e-m/softfp/crtn.o
 *crtbegin.o(.ctors)
 *crtbegin?.o(.ctors)
 *(EXCLUDE_FILE(*crtend.o *crtend?.o) .ctors)
 *(SORT(.ctors.*))
 *(.ctors)
 *crtbegin.o(.dtors)
 *crtbegin?.o(.dtors)
 *(EXCLUDE_FILE(*crtend.o *crtend?.o) .dtors)
 *(SORT(.dtors.*))
 *(.dtors)
 *(.rodata*)
 .rodata._ZL8segments
                0x08009acc       0x20 .objs\main.o
 .rodata.str1.1
                0x08009aec       0x43 .objs\mbed-dev\hal\mbed_critical_section_api.o
 .rodata.str1.1
                0x08009b2f       0x60 .objs\mbed-dev\hal\mbed_pinmap_common.o
 .rodata.str1.1
                0x08009b8f       0x1f .objs\mbed-dev\hal\mbed_ticker_api.o
                                 0x21 (size before relaxing)
 *fill*         0x08009bae        0x2 
 .rodata.us_interface
                0x08009bb0       0x1c .objs\mbed-dev\hal\mbed_us_ticker_api.o
 .rodata.us_data
                0x08009bcc        0x8 .objs\mbed-dev\hal\mbed_us_ticker_api.o
 .rodata.str1.1
                0x08009bd4       0x31 .objs\mbed-dev\platform\mbed_assert.o
 .rodata.str1.1
                0x08009c05       0x53 .objs\mbed-dev\platform\mbed_critical.o
 .rodata.str1.1
                0x08009c58      0x17f .objs\mbed-dev\platform\mbed_error.o
 .rodata.str1.1
                0x08009dd7      0x106 .objs\mbed-dev\platform\mbed_retarget.o
 *fill*         0x08009edd        0x3 
 .rodata._ZTV12DirectSerial
                0x08009ee0       0x50 .objs\mbed-dev\platform\mbed_retarget.o
                0x08009ee0                vtable for DirectSerial
 .rodata.str1.1
                0x08009f30       0x5b .objs\mbed-dev\targets\target_stm\gpio_api.o
 .rodata.str1.1
                0x08009f8b       0x25 .objs\mbed-dev\targets\target_stm\pinmap.o
                                 0x3a (size before relaxing)
 .rodata.ll_pin_defines
                0x08009fb0       0x40 .objs\mbed-dev\targets\target_stm\pinmap.o
                0x08009fb0                ll_pin_defines
 .rodata.str1.1
                0x08009ff0      0x145 .objs\mbed-dev\targets\target_stm\serial_api.o
 .rodata.AHBPrescTable
                0x0800a135       0x10 .objs\mbed-dev\targets\target_stm\target_stm32f4\device\system_stm32f4xx.o
                0x0800a135                AHBPrescTable
 .rodata.APBPrescTable
                0x0800a145        0x8 .objs\mbed-dev\targets\target_stm\target_stm32f4\device\system_stm32f4xx.o
                0x0800a145                APBPrescTable
 *fill*         0x0800a14d        0x3 
 .rodata.PinMap_UART_RX
                0x0800a150       0x78 .objs\mbed-dev\targets\target_stm\target_stm32f4\target_stm32f446xe\target_nucleo_f446re\peripheralpins.o
                0x0800a150                PinMap_UART_RX
 .rodata.PinMap_UART_TX
                0x0800a1c8       0x78 .objs\mbed-dev\targets\target_stm\target_stm32f4\target_stm32f446xe\target_nucleo_f446re\peripheralpins.o
                0x0800a1c8                PinMap_UART_TX
 .rodata.str1.1
                0x0800a240       0x14 .objs\mbed-dev\targets\target_stm\target_stm32f4\target_stm32f446xe\target_nucleo_f446re\system_clock.o
 .rodata.info.12790
                0x0800a254        0x8 .objs\mbed-dev\targets\target_stm\us_ticker.o
 .rodata.str1.4
                0x0800a25c        0x2 c:/program files (x86)/embitz/1.11/share/em_armgcc/bin/../lib/gcc/arm-none-eabi/5.4.1/../../../../arm-none-eabi/lib/armv7e-m/softfp\libc.a(lib_a-impure.o)
 *fill*         0x0800a25e        0x2 
 .rodata._global_impure_ptr
                0x0800a260        0x4 c:/program files (x86)/embitz/1.11/share/em_armgcc/bin/../lib/gcc/arm-none-eabi/5.4.1/../../../../arm-none-eabi/lib/armv7e-m/softfp\libc.a(lib_a-impure.o)
                0x0800a260                _global_impure_ptr
 .rodata.blanks.7072
                0x0800a264       0x10 c:/program files (x86)/embitz/1.11/share/em_armgcc/bin/../lib/gcc/arm-none-eabi/5.4.1/../../../../arm-none-eabi/lib/armv7e-m/softfp\libc.a(lib_a-vfprintf.o)
 .rodata.str1.4
                0x0800a274       0x42 c:/program files (x86)/embitz/1.11/share/em_armgcc/bin/../lib/gcc/arm-none-eabi/5.4.1/../../../../arm-none-eabi/lib/armv7e-m/softfp\libc.a(lib_a-vfprintf.o)
 *fill*         0x0800a2b6        0x2 
 .rodata.zeroes.7073
                0x0800a2b8       0x10 c:/program files (x86)/embitz/1.11/share/em_armgcc/bin/../lib/gcc/arm-none-eabi/5.4.1/../../../../arm-none-eabi/lib/armv7e-m/softfp\libc.a(lib_a-vfprintf.o)
 .rodata.str1.4
                0x0800a2c8       0x10 c:/program files (x86)/embitz/1.11/share/em_armgcc/bin/../lib/gcc/arm-none-eabi/5.4.1/../../../../arm-none-eabi/lib/armv7e-m/softfp\libc.a(lib_a-dtoa.o)
                                 0x12 (size before relaxing)
 .rodata.str1.4
                0x0800a2d8        0xc c:/program files (x86)/embitz/1.11/share/em_armgcc/bin/../lib/gcc/arm-none-eabi/5.4.1/../../../../arm-none-eabi/lib/armv7e-m/softfp\libc.a(lib_a-locale.o)
                                 0x12 (size before relaxing)
 .rodata.p05.5398
                0x0800a2e4        0xc c:/program files (x86)/embitz/1.11/share/em_armgcc/bin/../lib/gcc/arm-none-eabi/5.4.1/../../../../arm-none-eabi/lib/armv7e-m/softfp\libc.a(lib_a-mprec.o)
 .rodata.__mprec_tens
                0x0800a2f0       0xc8 c:/program files (x86)/embitz/1.11/share/em_armgcc/bin/../lib/gcc/arm-none-eabi/5.4.1/../../../../arm-none-eabi/lib/armv7e-m/softfp\libc.a(lib_a-mprec.o)
                0x0800a2f0                __mprec_tens
 .rodata.__mprec_bigtens
                0x0800a3b8       0x28 c:/program files (x86)/embitz/1.11/share/em_armgcc/bin/../lib/gcc/arm-none-eabi/5.4.1/../../../../arm-none-eabi/lib/armv7e-m/softfp\libc.a(lib_a-mprec.o)
                0x0800a3b8                __mprec_bigtens
 .rodata.blanks.7057
                0x0800a3e0       0x10 c:/program files (x86)/embitz/1.11/share/em_armgcc/bin/../lib/gcc/arm-none-eabi/5.4.1/../../../../arm-none-eabi/lib/armv7e-m/softfp\libc.a(lib_a-svfprintf.o)
 .rodata.str1.4
                0x0800a3f0       0x42 c:/program files (x86)/embitz/1.11/share/em_armgcc/bin/../lib/gcc/arm-none-eabi/5.4.1/../../../../arm-none-eabi/lib/armv7e-m/softfp\libc.a(lib_a-svfprintf.o)
 .rodata.zeroes.7058
                0x0800a3f0       0x10 c:/program files (x86)/embitz/1.11/share/em_armgcc/bin/../lib/gcc/arm-none-eabi/5.4.1/../../../../arm-none-eabi/lib/armv7e-m/softfp\libc.a(lib_a-svfprintf.o)
 *(.eh_frame*)
 .eh_frame      0x0800a400        0x0 c:/program files (x86)/embitz/1.11/share/em_armgcc/bin/../lib/gcc/arm-none-eabi/5.4.1/armv7e-m/softfp/crtbegin.o
 .eh_frame      0x0800a400        0x4 c:/program files (x86)/embitz/1.11/share/em_armgcc/bin/../lib/gcc/arm-none-eabi/5.4.1/armv7e-m/softfp/crtend.o

.glue_7         0x0800a404        0x0
 .glue_7        0x0800a404        0x0 linker stubs

.glue_7t        0x0800a404        0x0
 .glue_7t       0x0800a404        0x0 linker stubs

.vfp11_veneer   0x0800a404        0x0
 .vfp11_veneer  0x0800a404        0x0 linker stubs

.v4_bx          0x0800a404        0x0
 .v4_bx         0x0800a404        0x0 linker stubs

.iplt           0x0800a404        0x0
 .iplt          0x0800a404        0x0 c:/program files (x86)/embitz/1.11/share/em_armgcc/bin/../lib/gcc/arm-none-eabi/5.4.1/armv7e-m/softfp/crtbegin.o

.ARM.extab
 *(.ARM.extab* .gnu.linkonce.armextab.*)
                0x0800a404                __exidx_start = .

.ARM.exidx      0x0800a404        0x8
 *(.ARM.exidx* .gnu.linkonce.armexidx.*)
 .ARM.exidx     0x0800a404        0x8 c:/program files (x86)/embitz/1.11/share/em_armgcc/bin/../lib/gcc/arm-none-eabi/5.4.1/../../../../arm-none-eabi/lib/armv7e-m/softfp/crt0.o
 .ARM.exidx     0x0800a40c        0x0 c:/program files (x86)/embitz/1.11/share/em_armgcc/bin/../lib/gcc/arm-none-eabi/5.4.1/armv7e-m/softfp\libgcc.a(_udivmoddi4.o)
                                  0x8 (size before relaxing)
                0x0800a40c                __exidx_end = .
                0x0800a40c                __etext = .
                0x0800a40c                _sidata = .

.rel.dyn        0x0800a40c        0x0
 .rel.iplt      0x0800a40c        0x0 c:/program files (x86)/embitz/1.11/share/em_armgcc/bin/../lib/gcc/arm-none-eabi/5.4.1/armv7e-m/softfp/crtbegin.o

.data           0x200001c8      0x9c8 load address 0x0800a40c
                0x200001c8                __data_start__ = .
                0x200001c8                _sdata = .
 *(vtable)
 *(.data*)
 .data          0x200001c8        0x4 c:/program files (x86)/embitz/1.11/share/em_armgcc/bin/../lib/gcc/arm-none-eabi/5.4.1/armv7e-m/softfp/crtbegin.o
                0x200001c8                __dso_handle
 .data._ZZ4loopvE11delay_count
                0x200001cc        0x4 .objs\main.o
 .data.irq_handler
                0x200001d0        0x4 .objs\mbed-dev\hal\mbed_us_ticker_api.o
 .data._ZL11filehandles
                0x200001d4      0x100 .objs\mbed-dev\platform\mbed_retarget.o
 .data._ZZ5_sbrkE4heap
                0x200002d4        0x4 .objs\mbed-dev\platform\mbed_retarget.o
 .data.SystemCoreClock
                0x200002d8        0x4 .objs\mbed-dev\targets\target_stm\target_stm32f4\device\system_stm32f4xx.o
                0x200002d8                SystemCoreClock
 *fill*         0x200002dc        0x4 
 .data.impure_data
                0x200002e0      0x428 c:/program files (x86)/embitz/1.11/share/em_armgcc/bin/../lib/gcc/arm-none-eabi/5.4.1/../../../../arm-none-eabi/lib/armv7e-m/softfp\libc.a(lib_a-impure.o)
 .data._impure_ptr
                0x20000708        0x4 c:/program files (x86)/embitz/1.11/share/em_armgcc/bin/../lib/gcc/arm-none-eabi/5.4.1/../../../../arm-none-eabi/lib/armv7e-m/softfp\libc.a(lib_a-impure.o)
                0x20000708                _impure_ptr
 .data.__malloc_av_
                0x2000070c      0x408 c:/program files (x86)/embitz/1.11/share/em_armgcc/bin/../lib/gcc/arm-none-eabi/5.4.1/../../../../arm-none-eabi/lib/armv7e-m/softfp\libc.a(lib_a-mallocr.o)
                0x2000070c                __malloc_av_
 .data.__malloc_trim_threshold
                0x20000b14        0x4 c:/program files (x86)/embitz/1.11/share/em_armgcc/bin/../lib/gcc/arm-none-eabi/5.4.1/../../../../arm-none-eabi/lib/armv7e-m/softfp\libc.a(lib_a-mallocr.o)
                0x20000b14                __malloc_trim_threshold
 .data.__malloc_sbrk_base
                0x20000b18        0x4 c:/program files (x86)/embitz/1.11/share/em_armgcc/bin/../lib/gcc/arm-none-eabi/5.4.1/../../../../arm-none-eabi/lib/armv7e-m/softfp\libc.a(lib_a-mallocr.o)
                0x20000b18                __malloc_sbrk_base
 .data.lconv    0x20000b1c       0x38 c:/program files (x86)/embitz/1.11/share/em_armgcc/bin/../lib/gcc/arm-none-eabi/5.4.1/../../../../arm-none-eabi/lib/armv7e-m/softfp\libc.a(lib_a-locale.o)
 .data.lc_ctype_charset
                0x20000b54       0x20 c:/program files (x86)/embitz/1.11/share/em_armgcc/bin/../lib/gcc/arm-none-eabi/5.4.1/../../../../arm-none-eabi/lib/armv7e-m/softfp\libc.a(lib_a-locale.o)
 .data.__mb_cur_max
                0x20000b74        0x4 c:/program files (x86)/embitz/1.11/share/em_armgcc/bin/../lib/gcc/arm-none-eabi/5.4.1/../../../../arm-none-eabi/lib/armv7e-m/softfp\libc.a(lib_a-locale.o)
                0x20000b74                __mb_cur_max
 .data.__wctomb
                0x20000b78        0x4 c:/program files (x86)/embitz/1.11/share/em_armgcc/bin/../lib/gcc/arm-none-eabi/5.4.1/../../../../arm-none-eabi/lib/armv7e-m/softfp\libc.a(lib_a-wctomb_r.o)
                0x20000b78                __wctomb
                0x20000b7c                . = ALIGN (0x4)
                0x20000b7c                PROVIDE (__preinit_array_start, .)
 *(.preinit_array)
                0x20000b7c                PROVIDE (__preinit_array_end, .)
                0x20000b7c                . = ALIGN (0x4)
                0x20000b7c                PROVIDE (__init_array_start, .)
 *(SORT(.init_array.*))
 *(.init_array)
 .init_array    0x20000b7c        0x4 c:/program files (x86)/embitz/1.11/share/em_armgcc/bin/../lib/gcc/arm-none-eabi/5.4.1/armv7e-m/softfp/crtbegin.o
 .init_array    0x20000b80        0x4 .objs\main.o
 .init_array    0x20000b84        0x4 .objs\mbed-dev\drivers\spi.o
                0x20000b88                PROVIDE (__init_array_end, .)
                0x20000b88                . = ALIGN (0x4)
                [!provide]                PROVIDE (__fini_array_start, .)
 *(SORT(.fini_array.*))
 *(.fini_array)
 .fini_array    0x20000b88        0x4 c:/program files (x86)/embitz/1.11/share/em_armgcc/bin/../lib/gcc/arm-none-eabi/5.4.1/armv7e-m/softfp/crtbegin.o
                [!provide]                PROVIDE (__fini_array_end, .)
 *(.jcr*)
 .jcr           0x20000b8c        0x0 c:/program files (x86)/embitz/1.11/share/em_armgcc/bin/../lib/gcc/arm-none-eabi/5.4.1/armv7e-m/softfp/crtbegin.o
 .jcr           0x20000b8c        0x4 c:/program files (x86)/embitz/1.11/share/em_armgcc/bin/../lib/gcc/arm-none-eabi/5.4.1/armv7e-m/softfp/crtend.o
                0x20000b90                . = ALIGN (0x4)
                0x20000b90                __data_end__ = .
                0x20000b90                _edata = .

.igot.plt       0x20000b90        0x0 load address 0x0800add4
 .igot.plt      0x20000b90        0x0 c:/program files (x86)/embitz/1.11/share/em_armgcc/bin/../lib/gcc/arm-none-eabi/5.4.1/armv7e-m/softfp/crtbegin.o

.bss            0x20000b90      0x400 load address 0x0800add8
                0x20000b90                . = ALIGN (0x4)
                0x20000b90                __bss_start__ = .
                0x20000b90                _sbss = .
 *(.bss*)
 .bss           0x20000b90       0x1c c:/program files (x86)/embitz/1.11/share/em_armgcc/bin/../lib/gcc/arm-none-eabi/5.4.1/armv7e-m/softfp/crtbegin.o
 .bss._ZZ4loopvE13display_count
                0x20000bac        0x2 .objs\main.o
 *fill*         0x20000bae        0x2 
 .bss.led       0x20000bb0       0x1c .objs\main.o
                0x20000bb0                led
 .bss.myButton  0x20000bcc       0x1c .objs\main.o
                0x20000bcc                myButton
 .bss.myDisplay
                0x20000be8       0x14 .objs\main.o
                0x20000be8                myDisplay
 .bss._ZN4mbed3SPI19_transaction_bufferE
                0x20000bfc       0x64 .objs\mbed-dev\drivers\spi.o
                0x20000bfc                mbed::SPI::_transaction_buffer
 .bss.critical_interrupts_enabled
                0x20000c60        0x1 .objs\mbed-dev\hal\mbed_critical_section_api.o
 .bss.state_saved
                0x20000c61        0x1 .objs\mbed-dev\hal\mbed_critical_section_api.o
 *fill*         0x20000c62        0x6 
 .bss.events    0x20000c68       0x40 .objs\mbed-dev\hal\mbed_us_ticker_api.o
 .bss.critical_section_reentrancy_counter
                0x20000ca8        0x4 .objs\mbed-dev\platform\mbed_critical.o
 .bss.error_in_progress
                0x20000cac        0x1 .objs\mbed-dev\platform\mbed_error.o
 *fill*         0x20000cad        0x3 
 .bss.error_count
                0x20000cb0        0x4 .objs\mbed-dev\platform\mbed_error.o
 .bss.last_error_ctx
                0x20000cb4       0x34 .objs\mbed-dev\platform\mbed_error.o
 .bss.error_hook
                0x20000ce8        0x4 .objs\mbed-dev\platform\mbed_error.o
 .bss.first_error_ctx
                0x20000cec       0x34 .objs\mbed-dev\platform\mbed_error.o
 .bss.mbed_heap_size
                0x20000d20        0x4 .objs\mbed-dev\platform\mbed_retarget.o
                0x20000d20                mbed_heap_size
 .bss._ZZL15default_consolevE7console
                0x20000d24        0x4 .objs\mbed-dev\platform\mbed_retarget.o
 .bss.mbed_heap_start
                0x20000d28        0x4 .objs\mbed-dev\platform\mbed_retarget.o
                0x20000d28                mbed_heap_start
 .bss._ZGVZL15default_consolevE7console
                0x20000d2c        0x4 .objs\mbed-dev\platform\mbed_retarget.o
 .bss.irq_handler
                0x20000d30        0x4 .objs\mbed-dev\targets\target_stm\can_api.o
 .bss.can_irq_ids
                0x20000d34        0x8 .objs\mbed-dev\targets\target_stm\can_api.o
 .bss.mbed_sdk_inited
                0x20000d3c        0x4 .objs\mbed-dev\targets\target_stm\mbed_overrides.o
                0x20000d3c                mbed_sdk_inited
 .bss.stdio_uart_inited
                0x20000d40        0x4 .objs\mbed-dev\targets\target_stm\serial_api.o
                0x20000d40                stdio_uart_inited
 .bss.__malloc_max_total_mem
                0x20000d44        0x4 c:/program files (x86)/embitz/1.11/share/em_armgcc/bin/../lib/gcc/arm-none-eabi/5.4.1/../../../../arm-none-eabi/lib/armv7e-m/softfp\libc.a(lib_a-mallocr.o)
                0x20000d44                __malloc_max_total_mem
 .bss.__malloc_max_sbrked_mem
                0x20000d48        0x4 c:/program files (x86)/embitz/1.11/share/em_armgcc/bin/../lib/gcc/arm-none-eabi/5.4.1/../../../../arm-none-eabi/lib/armv7e-m/softfp\libc.a(lib_a-mallocr.o)
                0x20000d48                __malloc_max_sbrked_mem
 .bss.__malloc_top_pad
                0x20000d4c        0x4 c:/program files (x86)/embitz/1.11/share/em_armgcc/bin/../lib/gcc/arm-none-eabi/5.4.1/../../../../arm-none-eabi/lib/armv7e-m/softfp\libc.a(lib_a-mallocr.o)
                0x20000d4c                __malloc_top_pad
 .bss.__malloc_current_mallinfo
                0x20000d50       0x28 c:/program files (x86)/embitz/1.11/share/em_armgcc/bin/../lib/gcc/arm-none-eabi/5.4.1/../../../../arm-none-eabi/lib/armv7e-m/softfp\libc.a(lib_a-mallocr.o)
                0x20000d50                __malloc_current_mallinfo
 *(COMMON)
 COMMON         0x20000d78       0x4c .objs\mbed-dev\targets\target_stm\serial_api.o
                0x20000d78                stdio_uart
 COMMON         0x20000dc4      0x180 .objs\mbed-dev\targets\target_stm\target_stm32f4\serial_device.o
                0x20000dc4                uart_handlers
 COMMON         0x20000f44       0x48 .objs\mbed-dev\targets\target_stm\us_ticker.o
                0x20000f44                timer_dier_reg
                0x20000f48                TimMasterHandle
                0x20000f84                timer_ccr1_reg
                0x20000f88                timer_cnt_reg
 COMMON         0x20000f8c        0x4 c:/program files (x86)/embitz/1.11/share/em_armgcc/bin/../lib/gcc/arm-none-eabi/5.4.1/../../../../arm-none-eabi/lib/armv7e-m/softfp\libc.a(lib_a-reent.o)
                0x20000f8c                errno
                0x20000f90                . = ALIGN (0x4)
                0x20000f90                __bss_end__ = .
                0x20000f90                _ebss = .

.heap           0x20000f90        0x0
                0x20000f90                __end__ = .
                0x20000f90                end = __end__
 *(.heap*)
                0x20000f90                __HeapLimit = .

.stack_dummy    0x20000f90        0x0
 *(.stack*)
                0x20020000                __StackTop = (ORIGIN (RAM) + LENGTH (RAM))
                0x20020000                _estack = __StackTop
                0x20020000                __StackLimit = (__StackTop - SIZEOF (.stack_dummy))
                0x20020000                PROVIDE (__stack, __StackTop)
                0x00000001                ASSERT ((__StackLimit >= __HeapLimit), region RAM overflowed with stack)
LOAD .objs\main.o
LOAD .objs\mbed-dev\cmsis\target_cortex_m\mbed_tz_context.o
LOAD .objs\mbed-dev\drivers\analogin.o
LOAD .objs\mbed-dev\drivers\busin.o
LOAD .objs\mbed-dev\drivers\businout.o
LOAD .objs\mbed-dev\drivers\busout.o
LOAD .objs\mbed-dev\drivers\can.o
LOAD .objs\mbed-dev\drivers\ethernet.o
LOAD .objs\mbed-dev\drivers\flashiap.o
LOAD .objs\mbed-dev\drivers\i2c.o
LOAD .objs\mbed-dev\drivers\i2cslave.o
LOAD .objs\mbed-dev\drivers\interruptin.o
LOAD .objs\mbed-dev\drivers\interruptmanager.o
LOAD .objs\mbed-dev\drivers\mbedcrc.o
LOAD .objs\mbed-dev\drivers\rawserial.o
LOAD .objs\mbed-dev\drivers\serial.o
LOAD .objs\mbed-dev\drivers\serialbase.o
LOAD .objs\mbed-dev\drivers\spi.o
LOAD .objs\mbed-dev\drivers\spislave.o
LOAD .objs\mbed-dev\drivers\tablecrc.o
LOAD .objs\mbed-dev\drivers\ticker.o
LOAD .objs\mbed-dev\drivers\timeout.o
LOAD .objs\mbed-dev\drivers\timer.o
LOAD .objs\mbed-dev\drivers\timerevent.o
LOAD .objs\mbed-dev\drivers\uartserial.o
LOAD .objs\mbed-dev\hal\mbed_critical_section_api.o
LOAD .objs\mbed-dev\hal\mbed_flash_api.o
LOAD .objs\mbed-dev\hal\mbed_gpio.o
LOAD .objs\mbed-dev\hal\mbed_itm_api.o
LOAD .objs\mbed-dev\hal\mbed_lp_ticker_api.o
LOAD .objs\mbed-dev\hal\mbed_lp_ticker_wrapper.o
LOAD .objs\mbed-dev\hal\mbed_pinmap_common.o
LOAD .objs\mbed-dev\hal\mbed_sleep_manager.o
LOAD .objs\mbed-dev\hal\mbed_ticker_api.o
LOAD .objs\mbed-dev\hal\mbed_us_ticker_api.o
LOAD .objs\mbed-dev\platform\atcmdparser.o
LOAD .objs\mbed-dev\platform\callchain.o
LOAD .objs\mbed-dev\platform\filebase.o
LOAD .objs\mbed-dev\platform\filehandle.o
LOAD .objs\mbed-dev\platform\filepath.o
LOAD .objs\mbed-dev\platform\filesystemhandle.o
LOAD .objs\mbed-dev\platform\localfilesystem.o
LOAD .objs\mbed-dev\platform\mbed_alloc_wrappers.o
LOAD .objs\mbed-dev\platform\mbed_application.o
LOAD .objs\mbed-dev\platform\mbed_assert.o
LOAD .objs\mbed-dev\platform\mbed_board.o
LOAD .objs\mbed-dev\platform\mbed_critical.o
LOAD .objs\mbed-dev\platform\mbed_error.o
LOAD .objs\mbed-dev\platform\mbed_error_hist.o
LOAD .objs\mbed-dev\platform\mbed_interface.o
LOAD .objs\mbed-dev\platform\mbed_mem_trace.o
LOAD .objs\mbed-dev\platform\mbed_mktime.o
LOAD .objs\mbed-dev\platform\mbed_poll.o
LOAD .objs\mbed-dev\platform\mbed_retarget.o
LOAD .objs\mbed-dev\platform\mbed_rtc_time.o
LOAD .objs\mbed-dev\platform\mbed_sdk_boot.o
LOAD .objs\mbed-dev\platform\mbed_semihost_api.o
LOAD .objs\mbed-dev\platform\mbed_stats.o
LOAD .objs\mbed-dev\platform\mbed_wait_api_no_rtos.o
LOAD .objs\mbed-dev\platform\mbed_wait_api_rtos.o
LOAD .objs\mbed-dev\platform\stream.o
LOAD .objs\mbed-dev\targets\target_stm\analogin_api.o
LOAD .objs\mbed-dev\targets\target_stm\analogout_api.o
LOAD .objs\mbed-dev\targets\target_stm\can_api.o
LOAD .objs\mbed-dev\targets\target_stm\gpio_api.o
LOAD .objs\mbed-dev\targets\target_stm\gpio_irq_api.o
LOAD .objs\mbed-dev\targets\target_stm\hal_tick_overrides.o
LOAD .objs\mbed-dev\targets\target_stm\i2c_api.o
LOAD .objs\mbed-dev\targets\target_stm\lp_ticker.o
LOAD .objs\mbed-dev\targets\target_stm\mbed_crc_api.o
LOAD .objs\mbed-dev\targets\target_stm\mbed_overrides.o
LOAD .objs\mbed-dev\targets\target_stm\pinmap.o
LOAD .objs\mbed-dev\targets\target_stm\port_api.o
LOAD .objs\mbed-dev\targets\target_stm\pwmout_api.o
LOAD .objs\mbed-dev\targets\target_stm\rtc_api.o
LOAD .objs\mbed-dev\targets\target_stm\serial_api.o
LOAD .objs\mbed-dev\targets\target_stm\sleep.o
LOAD .objs\mbed-dev\targets\target_stm\stm_spi_api.o
LOAD .objs\mbed-dev\targets\target_stm\target_stm32f4\analogin_device.o
LOAD .objs\mbed-dev\targets\target_stm\target_stm32f4\analogout_device.o
LOAD .objs\mbed-dev\targets\target_stm\target_stm32f4\device\stm32f4xx_hal.o
LOAD .objs\mbed-dev\targets\target_stm\target_stm32f4\device\stm32f4xx_hal_adc.o
LOAD .objs\mbed-dev\targets\target_stm\target_stm32f4\device\stm32f4xx_hal_adc_ex.o
LOAD .objs\mbed-dev\targets\target_stm\target_stm32f4\device\stm32f4xx_hal_can.o
LOAD .objs\mbed-dev\targets\target_stm\target_stm32f4\device\stm32f4xx_hal_can_legacy.o
LOAD .objs\mbed-dev\targets\target_stm\target_stm32f4\device\stm32f4xx_hal_cec.o
LOAD .objs\mbed-dev\targets\target_stm\target_stm32f4\device\stm32f4xx_hal_cortex.o
LOAD .objs\mbed-dev\targets\target_stm\target_stm32f4\device\stm32f4xx_hal_crc.o
LOAD .objs\mbed-dev\targets\target_stm\target_stm32f4\device\stm32f4xx_hal_cryp.o
LOAD .objs\mbed-dev\targets\target_stm\target_stm32f4\device\stm32f4xx_hal_cryp_ex.o
LOAD .objs\mbed-dev\targets\target_stm\target_stm32f4\device\stm32f4xx_hal_dac.o
LOAD .objs\mbed-dev\targets\target_stm\target_stm32f4\device\stm32f4xx_hal_dac_ex.o
LOAD .objs\mbed-dev\targets\target_stm\target_stm32f4\device\stm32f4xx_hal_dcmi.o
LOAD .objs\mbed-dev\targets\target_stm\target_stm32f4\device\stm32f4xx_hal_dcmi_ex.o
LOAD .objs\mbed-dev\targets\target_stm\target_stm32f4\device\stm32f4xx_hal_dfsdm.o
LOAD .objs\mbed-dev\targets\target_stm\target_stm32f4\device\stm32f4xx_hal_dma.o
LOAD .objs\mbed-dev\targets\target_stm\target_stm32f4\device\stm32f4xx_hal_dma2d.o
LOAD .objs\mbed-dev\targets\target_stm\target_stm32f4\device\stm32f4xx_hal_dma_ex.o
LOAD .objs\mbed-dev\targets\target_stm\target_stm32f4\device\stm32f4xx_hal_dsi.o
LOAD .objs\mbed-dev\targets\target_stm\target_stm32f4\device\stm32f4xx_hal_eth.o
LOAD .objs\mbed-dev\targets\target_stm\target_stm32f4\device\stm32f4xx_hal_flash.o
LOAD .objs\mbed-dev\targets\target_stm\target_stm32f4\device\stm32f4xx_hal_flash_ex.o
LOAD .objs\mbed-dev\targets\target_stm\target_stm32f4\device\stm32f4xx_hal_flash_ramfunc.o
LOAD .objs\mbed-dev\targets\target_stm\target_stm32f4\device\stm32f4xx_hal_fmpi2c.o
LOAD .objs\mbed-dev\targets\target_stm\target_stm32f4\device\stm32f4xx_hal_fmpi2c_ex.o
LOAD .objs\mbed-dev\targets\target_stm\target_stm32f4\device\stm32f4xx_hal_gpio.o
LOAD .objs\mbed-dev\targets\target_stm\target_stm32f4\device\stm32f4xx_hal_hash.o
LOAD .objs\mbed-dev\targets\target_stm\target_stm32f4\device\stm32f4xx_hal_hash_ex.o
LOAD .objs\mbed-dev\targets\target_stm\target_stm32f4\device\stm32f4xx_hal_hcd.o
LOAD .objs\mbed-dev\targets\target_stm\target_stm32f4\device\stm32f4xx_hal_i2c.o
LOAD .objs\mbed-dev\targets\target_stm\target_stm32f4\device\stm32f4xx_hal_i2c_ex.o
LOAD .objs\mbed-dev\targets\target_stm\target_stm32f4\device\stm32f4xx_hal_i2s.o
LOAD .objs\mbed-dev\targets\target_stm\target_stm32f4\device\stm32f4xx_hal_i2s_ex.o
LOAD .objs\mbed-dev\targets\target_stm\target_stm32f4\device\stm32f4xx_hal_irda.o
LOAD .objs\mbed-dev\targets\target_stm\target_stm32f4\device\stm32f4xx_hal_iwdg.o
LOAD .objs\mbed-dev\targets\target_stm\target_stm32f4\device\stm32f4xx_hal_lptim.o
LOAD .objs\mbed-dev\targets\target_stm\target_stm32f4\device\stm32f4xx_hal_ltdc.o
LOAD .objs\mbed-dev\targets\target_stm\target_stm32f4\device\stm32f4xx_hal_ltdc_ex.o
LOAD .objs\mbed-dev\targets\target_stm\target_stm32f4\device\stm32f4xx_hal_mmc.o
LOAD .objs\mbed-dev\targets\target_stm\target_stm32f4\device\stm32f4xx_hal_nand.o
LOAD .objs\mbed-dev\targets\target_stm\target_stm32f4\device\stm32f4xx_hal_nor.o
LOAD .objs\mbed-dev\targets\target_stm\target_stm32f4\device\stm32f4xx_hal_pccard.o
LOAD .objs\mbed-dev\targets\target_stm\target_stm32f4\device\stm32f4xx_hal_pcd.o
LOAD .objs\mbed-dev\targets\target_stm\target_stm32f4\device\stm32f4xx_hal_pcd_ex.o
LOAD .objs\mbed-dev\targets\target_stm\target_stm32f4\device\stm32f4xx_hal_pwr.o
LOAD .objs\mbed-dev\targets\target_stm\target_stm32f4\device\stm32f4xx_hal_pwr_ex.o
LOAD .objs\mbed-dev\targets\target_stm\target_stm32f4\device\stm32f4xx_hal_qspi.o
LOAD .objs\mbed-dev\targets\target_stm\target_stm32f4\device\stm32f4xx_hal_rcc.o
LOAD .objs\mbed-dev\targets\target_stm\target_stm32f4\device\stm32f4xx_hal_rcc_ex.o
LOAD .objs\mbed-dev\targets\target_stm\target_stm32f4\device\stm32f4xx_hal_rng.o
LOAD .objs\mbed-dev\targets\target_stm\target_stm32f4\device\stm32f4xx_hal_rtc.o
LOAD .objs\mbed-dev\targets\target_stm\target_stm32f4\device\stm32f4xx_hal_rtc_ex.o
LOAD .objs\mbed-dev\targets\target_stm\target_stm32f4\device\stm32f4xx_hal_sai.o
LOAD .objs\mbed-dev\targets\target_stm\target_stm32f4\device\stm32f4xx_hal_sai_ex.o
LOAD .objs\mbed-dev\targets\target_stm\target_stm32f4\device\stm32f4xx_hal_sd.o
LOAD .objs\mbed-dev\targets\target_stm\target_stm32f4\device\stm32f4xx_hal_sdram.o
LOAD .objs\mbed-dev\targets\target_stm\target_stm32f4\device\stm32f4xx_hal_smartcard.o
LOAD .objs\mbed-dev\targets\target_stm\target_stm32f4\device\stm32f4xx_hal_spdifrx.o
LOAD .objs\mbed-dev\targets\target_stm\target_stm32f4\device\stm32f4xx_hal_spi.o
LOAD .objs\mbed-dev\targets\target_stm\target_stm32f4\device\stm32f4xx_hal_sram.o
LOAD .objs\mbed-dev\targets\target_stm\target_stm32f4\device\stm32f4xx_hal_tim.o
LOAD .objs\mbed-dev\targets\target_stm\target_stm32f4\device\stm32f4xx_hal_tim_ex.o
LOAD .objs\mbed-dev\targets\target_stm\target_stm32f4\device\stm32f4xx_hal_uart.o
LOAD .objs\mbed-dev\targets\target_stm\target_stm32f4\device\stm32f4xx_hal_usart.o
LOAD .objs\mbed-dev\targets\target_stm\target_stm32f4\device\stm32f4xx_hal_wwdg.o
LOAD .objs\mbed-dev\targets\target_stm\target_stm32f4\device\stm32f4xx_ll_adc.o
LOAD .objs\mbed-dev\targets\target_stm\target_stm32f4\device\stm32f4xx_ll_crc.o
LOAD .objs\mbed-dev\targets\target_stm\target_stm32f4\device\stm32f4xx_ll_dac.o
LOAD .objs\mbed-dev\targets\target_stm\target_stm32f4\device\stm32f4xx_ll_dma.o
LOAD .objs\mbed-dev\targets\target_stm\target_stm32f4\device\stm32f4xx_ll_dma2d.o
LOAD .objs\mbed-dev\targets\target_stm\target_stm32f4\device\stm32f4xx_ll_exti.o
LOAD .objs\mbed-dev\targets\target_stm\target_stm32f4\device\stm32f4xx_ll_fmc.o
LOAD .objs\mbed-dev\targets\target_stm\target_stm32f4\device\stm32f4xx_ll_fsmc.o
LOAD .objs\mbed-dev\targets\target_stm\target_stm32f4\device\stm32f4xx_ll_gpio.o
LOAD .objs\mbed-dev\targets\target_stm\target_stm32f4\device\stm32f4xx_ll_i2c.o
LOAD .objs\mbed-dev\targets\target_stm\target_stm32f4\device\stm32f4xx_ll_lptim.o
LOAD .objs\mbed-dev\targets\target_stm\target_stm32f4\device\stm32f4xx_ll_pwr.o
LOAD .objs\mbed-dev\targets\target_stm\target_stm32f4\device\stm32f4xx_ll_rcc.o
LOAD .objs\mbed-dev\targets\target_stm\target_stm32f4\device\stm32f4xx_ll_rng.o
LOAD .objs\mbed-dev\targets\target_stm\target_stm32f4\device\stm32f4xx_ll_rtc.o
LOAD .objs\mbed-dev\targets\target_stm\target_stm32f4\device\stm32f4xx_ll_sdmmc.o
LOAD .objs\mbed-dev\targets\target_stm\target_stm32f4\device\stm32f4xx_ll_spi.o
LOAD .objs\mbed-dev\targets\target_stm\target_stm32f4\device\stm32f4xx_ll_tim.o
LOAD .objs\mbed-dev\targets\target_stm\target_stm32f4\device\stm32f4xx_ll_usart.o
LOAD .objs\mbed-dev\targets\target_stm\target_stm32f4\device\stm32f4xx_ll_usb.o
LOAD .objs\mbed-dev\targets\target_stm\target_stm32f4\device\stm32f4xx_ll_utils.o
LOAD .objs\mbed-dev\targets\target_stm\target_stm32f4\device\system_stm32f4xx.o
LOAD .objs\mbed-dev\targets\target_stm\target_stm32f4\flash_api.o
LOAD .objs\mbed-dev\targets\target_stm\target_stm32f4\gpio_irq_device.o
LOAD .objs\mbed-dev\targets\target_stm\target_stm32f4\hal_init_pre.o
LOAD .objs\mbed-dev\targets\target_stm\target_stm32f4\pwmout_device.o
LOAD .objs\mbed-dev\targets\target_stm\target_stm32f4\serial_device.o
LOAD .objs\mbed-dev\targets\target_stm\target_stm32f4\spi_api.o
LOAD .objs\mbed-dev\targets\target_stm\target_stm32f4\target_stm32f446xe\device\toolchain_gcc_arm\startup_stm32f446xx.o
LOAD .objs\mbed-dev\targets\target_stm\target_stm32f4\target_stm32f446xe\target_nucleo_f446re\peripheralpins.o
LOAD .objs\mbed-dev\targets\target_stm\target_stm32f4\target_stm32f446xe\target_nucleo_f446re\system_clock.o
LOAD .objs\mbed-dev\targets\target_stm\trng_api.o
LOAD .objs\mbed-dev\targets\target_stm\us_ticker.o
LOAD c:/program files (x86)/embitz/1.11/share/em_armgcc/bin/../lib/gcc/arm-none-eabi/5.4.1/../../../../arm-none-eabi/lib/armv7e-m/softfp\libstdc++.a
LOAD c:/program files (x86)/embitz/1.11/share/em_armgcc/bin/../lib/gcc/arm-none-eabi/5.4.1/../../../../arm-none-eabi/lib/armv7e-m/softfp\libsupc++.a
LOAD c:/program files (x86)/embitz/1.11/share/em_armgcc/bin/../lib/gcc/arm-none-eabi/5.4.1/../../../../arm-none-eabi/lib/armv7e-m/softfp\libm.a
LOAD c:/program files (x86)/embitz/1.11/share/em_armgcc/bin/../lib/gcc/arm-none-eabi/5.4.1/../../../../arm-none-eabi/lib/armv7e-m/softfp\libc.a
LOAD c:/program files (x86)/embitz/1.11/share/em_armgcc/bin/../lib/gcc/arm-none-eabi/5.4.1/armv7e-m/softfp\libgcc.a
LOAD c:/program files (x86)/embitz/1.11/share/em_armgcc/bin/../lib/gcc/arm-none-eabi/5.4.1/../../../../arm-none-eabi/lib/armv7e-m/softfp\libnosys.a
START GROUP
LOAD c:/program files (x86)/embitz/1.11/share/em_armgcc/bin/../lib/gcc/arm-none-eabi/5.4.1/armv7e-m/softfp\libgcc.a
LOAD c:/program files (x86)/embitz/1.11/share/em_armgcc/bin/../lib/gcc/arm-none-eabi/5.4.1/../../../../arm-none-eabi/lib/armv7e-m/softfp\libg.a
LOAD c:/program files (x86)/embitz/1.11/share/em_armgcc/bin/../lib/gcc/arm-none-eabi/5.4.1/../../../../arm-none-eabi/lib/armv7e-m/softfp\libc.a
END GROUP
START GROUP
LOAD c:/program files (x86)/embitz/1.11/share/em_armgcc/bin/../lib/gcc/arm-none-eabi/5.4.1/armv7e-m/softfp\libgcc.a
LOAD c:/program files (x86)/embitz/1.11/share/em_armgcc/bin/../lib/gcc/arm-none-eabi/5.4.1/../../../../arm-none-eabi/lib/armv7e-m/softfp\libc.a
LOAD c:/program files (x86)/embitz/1.11/share/em_armgcc/bin/../lib/gcc/arm-none-eabi/5.4.1/../../../../arm-none-eabi/lib/armv7e-m/softfp\libnosys.a
END GROUP
LOAD c:/program files (x86)/embitz/1.11/share/em_armgcc/bin/../lib/gcc/arm-none-eabi/5.4.1/armv7e-m/softfp/crtend.o
LOAD c:/program files (x86)/embitz/1.11/share/em_armgcc/bin/../lib/gcc/arm-none-eabi/5.4.1/armv7e-m/softfp/crtn.o
OUTPUT(.\build\dsp04.elf elf32-littlearm)

.ARM.attributes
                0x00000000       0x2e
 .ARM.attributes
                0x00000000       0x22 c:/program files (x86)/embitz/1.11/share/em_armgcc/bin/../lib/gcc/arm-none-eabi/5.4.1/armv7e-m/softfp/crti.o
 .ARM.attributes
                0x00000022       0x32 c:/program files (x86)/embitz/1.11/share/em_armgcc/bin/../lib/gcc/arm-none-eabi/5.4.1/armv7e-m/softfp/crtbegin.o
 .ARM.attributes
                0x00000054       0x20 c:/program files (x86)/embitz/1.11/share/em_armgcc/bin/../lib/gcc/arm-none-eabi/5.4.1/../../../../arm-none-eabi/lib/armv7e-m/softfp/crt0.o
 .ARM.attributes
                0x00000074       0x37 .objs\main.o
 .ARM.attributes
                0x000000ab       0x37 .objs\mbed-dev\drivers\i2c.o
 .ARM.attributes
                0x000000e2       0x37 .objs\mbed-dev\drivers\serial.o
 .ARM.attributes
                0x00000119       0x37 .objs\mbed-dev\drivers\spi.o
 .ARM.attributes
                0x00000150       0x37 .objs\mbed-dev\drivers\uartserial.o
 .ARM.attributes
                0x00000187       0x37 .objs\mbed-dev\hal\mbed_critical_section_api.o
 .ARM.attributes
                0x000001be       0x37 .objs\mbed-dev\hal\mbed_gpio.o
 .ARM.attributes
                0x000001f5       0x37 .objs\mbed-dev\hal\mbed_pinmap_common.o
 .ARM.attributes
                0x0000022c       0x37 .objs\mbed-dev\hal\mbed_ticker_api.o
 .ARM.attributes
                0x00000263       0x37 .objs\mbed-dev\hal\mbed_us_ticker_api.o
 .ARM.attributes
                0x0000029a       0x37 .objs\mbed-dev\platform\filehandle.o
 .ARM.attributes
                0x000002d1       0x37 .objs\mbed-dev\platform\mbed_alloc_wrappers.o
 .ARM.attributes
                0x00000308       0x37 .objs\mbed-dev\platform\mbed_assert.o
 .ARM.attributes
                0x0000033f       0x37 .objs\mbed-dev\platform\mbed_board.o
 .ARM.attributes
                0x00000376       0x37 .objs\mbed-dev\platform\mbed_critical.o
 .ARM.attributes
                0x000003ad       0x37 .objs\mbed-dev\platform\mbed_error.o
 .ARM.attributes
                0x000003e4       0x37 .objs\mbed-dev\platform\mbed_retarget.o
 .ARM.attributes
                0x0000041b       0x37 .objs\mbed-dev\platform\mbed_sdk_boot.o
 .ARM.attributes
                0x00000452       0x37 .objs\mbed-dev\platform\mbed_wait_api_no_rtos.o
 .ARM.attributes
                0x00000489       0x37 .objs\mbed-dev\targets\target_stm\can_api.o
 .ARM.attributes
                0x000004c0       0x37 .objs\mbed-dev\targets\target_stm\gpio_api.o
 .ARM.attributes
                0x000004f7       0x37 .objs\mbed-dev\targets\target_stm\hal_tick_overrides.o
 .ARM.attributes
                0x0000052e       0x37 .objs\mbed-dev\targets\target_stm\mbed_overrides.o
 .ARM.attributes
                0x00000565       0x37 .objs\mbed-dev\targets\target_stm\pinmap.o
 .ARM.attributes
                0x0000059c       0x37 .objs\mbed-dev\targets\target_stm\port_api.o
 .ARM.attributes
                0x000005d3       0x37 .objs\mbed-dev\targets\target_stm\serial_api.o
 .ARM.attributes
                0x0000060a       0x37 .objs\mbed-dev\targets\target_stm\target_stm32f4\device\stm32f4xx_hal.o
 .ARM.attributes
                0x00000641       0x37 .objs\mbed-dev\targets\target_stm\target_stm32f4\device\stm32f4xx_hal_cortex.o
 .ARM.attributes
                0x00000678       0x37 .objs\mbed-dev\targets\target_stm\target_stm32f4\device\stm32f4xx_hal_pwr_ex.o
 .ARM.attributes